07/31 09:37:17 AM The args: Namespace(data_dir='../data/', model_dir='models/tinybert', teacher_model='../dynabert/SST-2', student_model='../dynabert/SST-2', task_name='SST-2', output_dir='./outputs/', learning_rate=0.0001, num_train_epochs=50.0, batch_size=32.0, seed=42, aug_train=False, pred_distill=True, intermediate_distill=True, value_distill=True, context_distill=False, att_distill=False, query_distill=True, key_distill=True, save_fp_model=True, save_quantized_model=False, weight_bits=1, embedding_bits=1, input_bits=1, clip_val=2.5, do_eval=False, omega=1, ground_truth=False, use_ggm=True, ggm_ratio=1.0, ggm_table_s0_x=1.0, ggm_table_s0_w=1.0, ggm_seed=None)
07/31 09:37:17 AM Writing example 0 of 67349
07/31 09:37:17 AM *** Example ***
07/31 09:37:17 AM guid: train-1
07/31 09:37:17 AM tokens: [CLS] hide new secret ##ions from the parental units [SEP]
07/31 09:37:17 AM input_ids: 101 5342 2047 3595 8496 2013 1996 18643 3197 102 0 0 0 0 0 0 0 0 0 0 0 0 0 0 0 0 0 0 0 0 0 0 0 0 0 0 0 0 0 0 0 0 0 0 0 0 0 0 0 0 0 0 0 0 0 0 0 0 0 0 0 0 0 0
07/31 09:37:17 AM input_mask: 1 1 1 1 1 1 1 1 1 1 0 0 0 0 0 0 0 0 0 0 0 0 0 0 0 0 0 0 0 0 0 0 0 0 0 0 0 0 0 0 0 0 0 0 0 0 0 0 0 0 0 0 0 0 0 0 0 0 0 0 0 0 0 0
07/31 09:37:17 AM segment_ids: 0 0 0 0 0 0 0 0 0 0 0 0 0 0 0 0 0 0 0 0 0 0 0 0 0 0 0 0 0 0 0 0 0 0 0 0 0 0 0 0 0 0 0 0 0 0 0 0 0 0 0 0 0 0 0 0 0 0 0 0 0 0 0 0
07/31 09:37:17 AM label: 0
07/31 09:37:17 AM label_id: 0
07/31 09:37:18 AM Writing example 10000 of 67349
07/31 09:37:19 AM Writing example 20000 of 67349
07/31 09:37:19 AM Writing example 30000 of 67349
07/31 09:37:20 AM Writing example 40000 of 67349
07/31 09:37:20 AM Writing example 50000 of 67349
07/31 09:37:21 AM Writing example 60000 of 67349
07/31 09:37:22 AM Writing example 0 of 872
07/31 09:37:22 AM *** Example ***
07/31 09:37:22 AM guid: dev-1
07/31 09:37:22 AM tokens: [CLS] it ' s a charming and often affecting journey . [SEP]
07/31 09:37:22 AM input_ids: 101 2009 1005 1055 1037 11951 1998 2411 12473 4990 1012 102 0 0 0 0 0 0 0 0 0 0 0 0 0 0 0 0 0 0 0 0 0 0 0 0 0 0 0 0 0 0 0 0 0 0 0 0 0 0 0 0 0 0 0 0 0 0 0 0 0 0 0 0
07/31 09:37:22 AM input_mask: 1 1 1 1 1 1 1 1 1 1 1 1 0 0 0 0 0 0 0 0 0 0 0 0 0 0 0 0 0 0 0 0 0 0 0 0 0 0 0 0 0 0 0 0 0 0 0 0 0 0 0 0 0 0 0 0 0 0 0 0 0 0 0 0
07/31 09:37:22 AM segment_ids: 0 0 0 0 0 0 0 0 0 0 0 0 0 0 0 0 0 0 0 0 0 0 0 0 0 0 0 0 0 0 0 0 0 0 0 0 0 0 0 0 0 0 0 0 0 0 0 0 0 0 0 0 0 0 0 0 0 0 0 0 0 0 0 0
07/31 09:37:22 AM label: 1
07/31 09:37:22 AM label_id: 1
07/31 09:37:22 AM Model config {
  "attention_probs_dropout_prob": 0.1,
  "finetuning_task": "sst-2",
  "hidden_act": "gelu",
  "hidden_dropout_prob": 0.1,
  "hidden_size": 768,
  "initializer_range": 0.02,
  "intermediate_size": 3072,
  "layer_norm_eps": 1e-12,
  "max_position_embeddings": 512,
  "num_attention_heads": 12,
  "num_hidden_layers": 12,
  "num_labels": 2,
  "output_attentions": true,
  "output_hidden_states": true,
  "output_intermediate": true,
  "output_past": true,
  "pruned_heads": {},
  "torchscript": false,
  "type_vocab_size": 2,
  "use_bfloat16": false,
  "vocab_size": 30522
}

07/31 09:37:24 AM Loading model ../dynabert/SST-2/pytorch_model.bin
07/31 09:37:24 AM loading model...
07/31 09:37:24 AM done!
07/31 09:37:25 AM teacher_model performance = sst-2 fp32   acc:0.9323394495412844

07/31 09:37:25 AM loading configuration file ../dynabert/SST-2/config.json
07/31 09:37:25 AM Model config {
  "attention_probs_dropout_prob": 0.1,
  "clip_val": 2.5,
  "embedding_bits": 1,
  "finetuning_task": "sst-2",
  "ggm_ratio": 1.0,
  "ggm_seed": null,
  "ggm_table_s0_w": 1.0,
  "ggm_table_s0_x": 1.0,
  "hidden_act": "gelu",
  "hidden_dropout_prob": 0.1,
  "hidden_size": 768,
  "initializer_range": 0.02,
  "input_bits": 1,
  "intermediate_size": 3072,
  "layer_norm_eps": 1e-12,
  "max_position_embeddings": 512,
  "num_attention_heads": 12,
  "num_hidden_layers": 12,
  "num_labels": 2,
  "output_attentions": true,
  "output_hidden_states": true,
  "output_intermediate": true,
  "output_past": true,
  "pruned_heads": {},
  "quantize_act": true,
  "torchscript": false,
  "type_vocab_size": 2,
  "use_bfloat16": false,
  "use_ggm": true,
  "vocab_size": 30522,
  "weight_bits": 1
}

07/31 09:37:25 AM Model config {
  "attention_probs_dropout_prob": 0.1,
  "clip_val": 2.5,
  "embedding_bits": 1,
  "finetuning_task": "sst-2",
  "ggm_ratio": 1.0,
  "ggm_seed": null,
  "ggm_table_s0_w": 1.0,
  "ggm_table_s0_x": 1.0,
  "hidden_act": "gelu",
  "hidden_dropout_prob": 0.1,
  "hidden_size": 768,
  "initializer_range": 0.02,
  "input_bits": 1,
  "intermediate_size": 3072,
  "layer_norm_eps": 1e-12,
  "max_position_embeddings": 512,
  "num_attention_heads": 12,
  "num_hidden_layers": 12,
  "num_labels": 2,
  "output_attentions": true,
  "output_hidden_states": true,
  "output_intermediate": true,
  "output_past": true,
  "pruned_heads": {},
  "quantize_act": true,
  "torchscript": false,
  "type_vocab_size": 2,
  "use_bfloat16": false,
  "use_ggm": true,
  "vocab_size": 30522,
  "weight_bits": 1
}

[GGDLinear clean] Table disabled for bits=(1,1); using backward base kernel (arcsin), scale_policy=learnable_mean.
[GGDLinear clean] Table disabled for bits=(1,1); using backward base kernel (arcsin), scale_policy=learnable_mean.
[GGDLinear clean] Table disabled for bits=(1,1); using backward base kernel (arcsin), scale_policy=learnable_mean.
[GGDLinear clean] Table disabled for bits=(1,1); using backward base kernel (arcsin), scale_policy=learnable_mean.
[GGDLinear clean] Table disabled for bits=(1,1); using backward base kernel (arcsin), scale_policy=learnable_mean.
[GGDLinear clean] Table disabled for bits=(1,1); using backward base kernel (arcsin), scale_policy=learnable_mean.
[GGDLinear clean] Table disabled for bits=(1,1); using backward base kernel (arcsin), scale_policy=learnable_mean.
[GGDLinear clean] Table disabled for bits=(1,1); using backward base kernel (arcsin), scale_policy=learnable_mean.
[GGDLinear clean] Table disabled for bits=(1,1); using backward base kernel (arcsin), scale_policy=learnable_mean.
[GGDLinear clean] Table disabled for bits=(1,1); using backward base kernel (arcsin), scale_policy=learnable_mean.
[GGDLinear clean] Table disabled for bits=(1,1); using backward base kernel (arcsin), scale_policy=learnable_mean.
[GGDLinear clean] Table disabled for bits=(1,1); using backward base kernel (arcsin), scale_policy=learnable_mean.
[GGDLinear clean] Table disabled for bits=(1,1); using backward base kernel (arcsin), scale_policy=learnable_mean.
[GGDLinear clean] Table disabled for bits=(1,1); using backward base kernel (arcsin), scale_policy=learnable_mean.
[GGDLinear clean] Table disabled for bits=(1,1); using backward base kernel (arcsin), scale_policy=learnable_mean.
[GGDLinear clean] Table disabled for bits=(1,1); using backward base kernel (arcsin), scale_policy=learnable_mean.
[GGDLinear clean] Table disabled for bits=(1,1); using backward base kernel (arcsin), scale_policy=learnable_mean.
[GGDLinear clean] Table disabled for bits=(1,1); using backward base kernel (arcsin), scale_policy=learnable_mean.
[GGDLinear clean] Table disabled for bits=(1,1); using backward base kernel (arcsin), scale_policy=learnable_mean.
[GGDLinear clean] Table disabled for bits=(1,1); using backward base kernel (arcsin), scale_policy=learnable_mean.
[GGDLinear clean] Table disabled for bits=(1,1); using backward base kernel (arcsin), scale_policy=learnable_mean.
[GGDLinear clean] Table disabled for bits=(1,1); using backward base kernel (arcsin), scale_policy=learnable_mean.
[GGDLinear clean] Table disabled for bits=(1,1); using backward base kernel (arcsin), scale_policy=learnable_mean.
[GGDLinear clean] Table disabled for bits=(1,1); using backward base kernel (arcsin), scale_policy=learnable_mean.
[GGDLinear clean] Table disabled for bits=(1,1); using backward base kernel (arcsin), scale_policy=learnable_mean.
[GGDLinear clean] Table disabled for bits=(1,1); using backward base kernel (arcsin), scale_policy=learnable_mean.
[GGDLinear clean] Table disabled for bits=(1,1); using backward base kernel (arcsin), scale_policy=learnable_mean.
[GGDLinear clean] Table disabled for bits=(1,1); using backward base kernel (arcsin), scale_policy=learnable_mean.
[GGDLinear clean] Table disabled for bits=(1,1); using backward base kernel (arcsin), scale_policy=learnable_mean.
[GGDLinear clean] Table disabled for bits=(1,1); using backward base kernel (arcsin), scale_policy=learnable_mean.
[GGDLinear clean] Table disabled for bits=(1,1); using backward base kernel (arcsin), scale_policy=learnable_mean.
[GGDLinear clean] Table disabled for bits=(1,1); using backward base kernel (arcsin), scale_policy=learnable_mean.
[GGDLinear clean] Table disabled for bits=(1,1); using backward base kernel (arcsin), scale_policy=learnable_mean.
[GGDLinear clean] Table disabled for bits=(1,1); using backward base kernel (arcsin), scale_policy=learnable_mean.
[GGDLinear clean] Table disabled for bits=(1,1); using backward base kernel (arcsin), scale_policy=learnable_mean.
[GGDLinear clean] Table disabled for bits=(1,1); using backward base kernel (arcsin), scale_policy=learnable_mean.
[GGDLinear clean] Table disabled for bits=(1,1); using backward base kernel (arcsin), scale_policy=learnable_mean.
[GGDLinear clean] Table disabled for bits=(1,1); using backward base kernel (arcsin), scale_policy=learnable_mean.
[GGDLinear clean] Table disabled for bits=(1,1); using backward base kernel (arcsin), scale_policy=learnable_mean.
[GGDLinear clean] Table disabled for bits=(1,1); using backward base kernel (arcsin), scale_policy=learnable_mean.
[GGDLinear clean] Table disabled for bits=(1,1); using backward base kernel (arcsin), scale_policy=learnable_mean.
[GGDLinear clean] Table disabled for bits=(1,1); using backward base kernel (arcsin), scale_policy=learnable_mean.
[GGDLinear clean] Table disabled for bits=(1,1); using backward base kernel (arcsin), scale_policy=learnable_mean.
[GGDLinear clean] Table disabled for bits=(1,1); using backward base kernel (arcsin), scale_policy=learnable_mean.
[GGDLinear clean] Table disabled for bits=(1,1); using backward base kernel (arcsin), scale_policy=learnable_mean.
[GGDLinear clean] Table disabled for bits=(1,1); using backward base kernel (arcsin), scale_policy=learnable_mean.
[GGDLinear clean] Table disabled for bits=(1,1); using backward base kernel (arcsin), scale_policy=learnable_mean.
[GGDLinear clean] Table disabled for bits=(1,1); using backward base kernel (arcsin), scale_policy=learnable_mean.
[GGDLinear clean] Table disabled for bits=(1,1); using backward base kernel (arcsin), scale_policy=learnable_mean.
[GGDLinear clean] Table disabled for bits=(1,1); using backward base kernel (arcsin), scale_policy=learnable_mean.
[GGDLinear clean] Table disabled for bits=(1,1); using backward base kernel (arcsin), scale_policy=learnable_mean.
[GGDLinear clean] Table disabled for bits=(1,1); using backward base kernel (arcsin), scale_policy=learnable_mean.
[GGDLinear clean] Table disabled for bits=(1,1); using backward base kernel (arcsin), scale_policy=learnable_mean.
[GGDLinear clean] Table disabled for bits=(1,1); using backward base kernel (arcsin), scale_policy=learnable_mean.
[GGDLinear clean] Table disabled for bits=(1,1); using backward base kernel (arcsin), scale_policy=learnable_mean.
[GGDLinear clean] Table disabled for bits=(1,1); using backward base kernel (arcsin), scale_policy=learnable_mean.
[GGDLinear clean] Table disabled for bits=(1,1); using backward base kernel (arcsin), scale_policy=learnable_mean.
[GGDLinear clean] Table disabled for bits=(1,1); using backward base kernel (arcsin), scale_policy=learnable_mean.
[GGDLinear clean] Table disabled for bits=(1,1); using backward base kernel (arcsin), scale_policy=learnable_mean.
[GGDLinear clean] Table disabled for bits=(1,1); using backward base kernel (arcsin), scale_policy=learnable_mean.
[GGDLinear clean] Table disabled for bits=(1,1); using backward base kernel (arcsin), scale_policy=learnable_mean.
[GGDLinear clean] Table disabled for bits=(1,1); using backward base kernel (arcsin), scale_policy=learnable_mean.
[GGDLinear clean] Table disabled for bits=(1,1); using backward base kernel (arcsin), scale_policy=learnable_mean.
[GGDLinear clean] Table disabled for bits=(1,1); using backward base kernel (arcsin), scale_policy=learnable_mean.
[GGDLinear clean] Table disabled for bits=(1,1); using backward base kernel (arcsin), scale_policy=learnable_mean.
[GGDLinear clean] Table disabled for bits=(1,1); using backward base kernel (arcsin), scale_policy=learnable_mean.
[GGDLinear clean] Table disabled for bits=(1,1); using backward base kernel (arcsin), scale_policy=learnable_mean.
[GGDLinear clean] Table disabled for bits=(1,1); using backward base kernel (arcsin), scale_policy=learnable_mean.
[GGDLinear clean] Table disabled for bits=(1,1); using backward base kernel (arcsin), scale_policy=learnable_mean.
[GGDLinear clean] Table disabled for bits=(1,1); using backward base kernel (arcsin), scale_policy=learnable_mean.
[GGDLinear clean] Table disabled for bits=(1,1); using backward base kernel (arcsin), scale_policy=learnable_mean.
[GGDLinear clean] Table disabled for bits=(1,1); using backward base kernel (arcsin), scale_policy=learnable_mean.
[GGDLinear clean] Table disabled for bits=(1,1); using backward base kernel (arcsin), scale_policy=learnable_mean.
07/31 09:37:35 AM Loading model ../dynabert/SST-2/pytorch_model.bin
07/31 09:37:35 AM loading model...
07/31 09:37:35 AM done!
07/31 09:37:35 AM Weights of BertForSequenceClassification not initialized from pretrained model: ['bert.embeddings.word_embeddings.weight_clip_val', 'bert.encoder.layer.0.attention.self.attn_log_scale', 'bert.encoder.layer.0.attention.self.clip_query', 'bert.encoder.layer.0.attention.self.clip_key', 'bert.encoder.layer.0.attention.self.clip_value', 'bert.encoder.layer.0.attention.self.clip_attn', 'bert.encoder.layer.0.attention.self.query.ggm.weight', 'bert.encoder.layer.0.attention.self.query.ggm.bias', 'bert.encoder.layer.0.attention.self.query.ggm.gain', 'bert.encoder.layer.0.attention.self.query.ggm.x_log_scale_mult', 'bert.encoder.layer.0.attention.self.query.ggm.w_log_scale_mult', 'bert.encoder.layer.0.attention.self.query.ggm.G', 'bert.encoder.layer.0.attention.self.query.ggm.kernel.rho_eps_log', 'bert.encoder.layer.0.attention.self.key.ggm.weight', 'bert.encoder.layer.0.attention.self.key.ggm.bias', 'bert.encoder.layer.0.attention.self.key.ggm.gain', 'bert.encoder.layer.0.attention.self.key.ggm.x_log_scale_mult', 'bert.encoder.layer.0.attention.self.key.ggm.w_log_scale_mult', 'bert.encoder.layer.0.attention.self.key.ggm.G', 'bert.encoder.layer.0.attention.self.key.ggm.kernel.rho_eps_log', 'bert.encoder.layer.0.attention.self.value.ggm.weight', 'bert.encoder.layer.0.attention.self.value.ggm.bias', 'bert.encoder.layer.0.attention.self.value.ggm.gain', 'bert.encoder.layer.0.attention.self.value.ggm.x_log_scale_mult', 'bert.encoder.layer.0.attention.self.value.ggm.w_log_scale_mult', 'bert.encoder.layer.0.attention.self.value.ggm.G', 'bert.encoder.layer.0.attention.self.value.ggm.kernel.rho_eps_log', 'bert.encoder.layer.0.attention.output.dense.ggm.weight', 'bert.encoder.layer.0.attention.output.dense.ggm.bias', 'bert.encoder.layer.0.attention.output.dense.ggm.gain', 'bert.encoder.layer.0.attention.output.dense.ggm.x_log_scale_mult', 'bert.encoder.layer.0.attention.output.dense.ggm.w_log_scale_mult', 'bert.encoder.layer.0.attention.output.dense.ggm.G', 'bert.encoder.layer.0.attention.output.dense.ggm.kernel.rho_eps_log', 'bert.encoder.layer.0.intermediate.dense.ggm.weight', 'bert.encoder.layer.0.intermediate.dense.ggm.bias', 'bert.encoder.layer.0.intermediate.dense.ggm.gain', 'bert.encoder.layer.0.intermediate.dense.ggm.x_log_scale_mult', 'bert.encoder.layer.0.intermediate.dense.ggm.w_log_scale_mult', 'bert.encoder.layer.0.intermediate.dense.ggm.G', 'bert.encoder.layer.0.intermediate.dense.ggm.kernel.rho_eps_log', 'bert.encoder.layer.0.output.gate', 'bert.encoder.layer.0.output.dense.ggm.weight', 'bert.encoder.layer.0.output.dense.ggm.bias', 'bert.encoder.layer.0.output.dense.ggm.gain', 'bert.encoder.layer.0.output.dense.ggm.x_log_scale_mult', 'bert.encoder.layer.0.output.dense.ggm.w_log_scale_mult', 'bert.encoder.layer.0.output.dense.ggm.G', 'bert.encoder.layer.0.output.dense.ggm.kernel.rho_eps_log', 'bert.encoder.layer.1.attention.self.attn_log_scale', 'bert.encoder.layer.1.attention.self.clip_query', 'bert.encoder.layer.1.attention.self.clip_key', 'bert.encoder.layer.1.attention.self.clip_value', 'bert.encoder.layer.1.attention.self.clip_attn', 'bert.encoder.layer.1.attention.self.query.ggm.weight', 'bert.encoder.layer.1.attention.self.query.ggm.bias', 'bert.encoder.layer.1.attention.self.query.ggm.gain', 'bert.encoder.layer.1.attention.self.query.ggm.x_log_scale_mult', 'bert.encoder.layer.1.attention.self.query.ggm.w_log_scale_mult', 'bert.encoder.layer.1.attention.self.query.ggm.G', 'bert.encoder.layer.1.attention.self.query.ggm.kernel.rho_eps_log', 'bert.encoder.layer.1.attention.self.key.ggm.weight', 'bert.encoder.layer.1.attention.self.key.ggm.bias', 'bert.encoder.layer.1.attention.self.key.ggm.gain', 'bert.encoder.layer.1.attention.self.key.ggm.x_log_scale_mult', 'bert.encoder.layer.1.attention.self.key.ggm.w_log_scale_mult', 'bert.encoder.layer.1.attention.self.key.ggm.G', 'bert.encoder.layer.1.attention.self.key.ggm.kernel.rho_eps_log', 'bert.encoder.layer.1.attention.self.value.ggm.weight', 'bert.encoder.layer.1.attention.self.value.ggm.bias', 'bert.encoder.layer.1.attention.self.value.ggm.gain', 'bert.encoder.layer.1.attention.self.value.ggm.x_log_scale_mult', 'bert.encoder.layer.1.attention.self.value.ggm.w_log_scale_mult', 'bert.encoder.layer.1.attention.self.value.ggm.G', 'bert.encoder.layer.1.attention.self.value.ggm.kernel.rho_eps_log', 'bert.encoder.layer.1.attention.output.dense.ggm.weight', 'bert.encoder.layer.1.attention.output.dense.ggm.bias', 'bert.encoder.layer.1.attention.output.dense.ggm.gain', 'bert.encoder.layer.1.attention.output.dense.ggm.x_log_scale_mult', 'bert.encoder.layer.1.attention.output.dense.ggm.w_log_scale_mult', 'bert.encoder.layer.1.attention.output.dense.ggm.G', 'bert.encoder.layer.1.attention.output.dense.ggm.kernel.rho_eps_log', 'bert.encoder.layer.1.intermediate.dense.ggm.weight', 'bert.encoder.layer.1.intermediate.dense.ggm.bias', 'bert.encoder.layer.1.intermediate.dense.ggm.gain', 'bert.encoder.layer.1.intermediate.dense.ggm.x_log_scale_mult', 'bert.encoder.layer.1.intermediate.dense.ggm.w_log_scale_mult', 'bert.encoder.layer.1.intermediate.dense.ggm.G', 'bert.encoder.layer.1.intermediate.dense.ggm.kernel.rho_eps_log', 'bert.encoder.layer.1.output.gate', 'bert.encoder.layer.1.output.dense.ggm.weight', 'bert.encoder.layer.1.output.dense.ggm.bias', 'bert.encoder.layer.1.output.dense.ggm.gain', 'bert.encoder.layer.1.output.dense.ggm.x_log_scale_mult', 'bert.encoder.layer.1.output.dense.ggm.w_log_scale_mult', 'bert.encoder.layer.1.output.dense.ggm.G', 'bert.encoder.layer.1.output.dense.ggm.kernel.rho_eps_log', 'bert.encoder.layer.2.attention.self.attn_log_scale', 'bert.encoder.layer.2.attention.self.clip_query', 'bert.encoder.layer.2.attention.self.clip_key', 'bert.encoder.layer.2.attention.self.clip_value', 'bert.encoder.layer.2.attention.self.clip_attn', 'bert.encoder.layer.2.attention.self.query.ggm.weight', 'bert.encoder.layer.2.attention.self.query.ggm.bias', 'bert.encoder.layer.2.attention.self.query.ggm.gain', 'bert.encoder.layer.2.attention.self.query.ggm.x_log_scale_mult', 'bert.encoder.layer.2.attention.self.query.ggm.w_log_scale_mult', 'bert.encoder.layer.2.attention.self.query.ggm.G', 'bert.encoder.layer.2.attention.self.query.ggm.kernel.rho_eps_log', 'bert.encoder.layer.2.attention.self.key.ggm.weight', 'bert.encoder.layer.2.attention.self.key.ggm.bias', 'bert.encoder.layer.2.attention.self.key.ggm.gain', 'bert.encoder.layer.2.attention.self.key.ggm.x_log_scale_mult', 'bert.encoder.layer.2.attention.self.key.ggm.w_log_scale_mult', 'bert.encoder.layer.2.attention.self.key.ggm.G', 'bert.encoder.layer.2.attention.self.key.ggm.kernel.rho_eps_log', 'bert.encoder.layer.2.attention.self.value.ggm.weight', 'bert.encoder.layer.2.attention.self.value.ggm.bias', 'bert.encoder.layer.2.attention.self.value.ggm.gain', 'bert.encoder.layer.2.attention.self.value.ggm.x_log_scale_mult', 'bert.encoder.layer.2.attention.self.value.ggm.w_log_scale_mult', 'bert.encoder.layer.2.attention.self.value.ggm.G', 'bert.encoder.layer.2.attention.self.value.ggm.kernel.rho_eps_log', 'bert.encoder.layer.2.attention.output.dense.ggm.weight', 'bert.encoder.layer.2.attention.output.dense.ggm.bias', 'bert.encoder.layer.2.attention.output.dense.ggm.gain', 'bert.encoder.layer.2.attention.output.dense.ggm.x_log_scale_mult', 'bert.encoder.layer.2.attention.output.dense.ggm.w_log_scale_mult', 'bert.encoder.layer.2.attention.output.dense.ggm.G', 'bert.encoder.layer.2.attention.output.dense.ggm.kernel.rho_eps_log', 'bert.encoder.layer.2.intermediate.dense.ggm.weight', 'bert.encoder.layer.2.intermediate.dense.ggm.bias', 'bert.encoder.layer.2.intermediate.dense.ggm.gain', 'bert.encoder.layer.2.intermediate.dense.ggm.x_log_scale_mult', 'bert.encoder.layer.2.intermediate.dense.ggm.w_log_scale_mult', 'bert.encoder.layer.2.intermediate.dense.ggm.G', 'bert.encoder.layer.2.intermediate.dense.ggm.kernel.rho_eps_log', 'bert.encoder.layer.2.output.gate', 'bert.encoder.layer.2.output.dense.ggm.weight', 'bert.encoder.layer.2.output.dense.ggm.bias', 'bert.encoder.layer.2.output.dense.ggm.gain', 'bert.encoder.layer.2.output.dense.ggm.x_log_scale_mult', 'bert.encoder.layer.2.output.dense.ggm.w_log_scale_mult', 'bert.encoder.layer.2.output.dense.ggm.G', 'bert.encoder.layer.2.output.dense.ggm.kernel.rho_eps_log', 'bert.encoder.layer.3.attention.self.attn_log_scale', 'bert.encoder.layer.3.attention.self.clip_query', 'bert.encoder.layer.3.attention.self.clip_key', 'bert.encoder.layer.3.attention.self.clip_value', 'bert.encoder.layer.3.attention.self.clip_attn', 'bert.encoder.layer.3.attention.self.query.ggm.weight', 'bert.encoder.layer.3.attention.self.query.ggm.bias', 'bert.encoder.layer.3.attention.self.query.ggm.gain', 'bert.encoder.layer.3.attention.self.query.ggm.x_log_scale_mult', 'bert.encoder.layer.3.attention.self.query.ggm.w_log_scale_mult', 'bert.encoder.layer.3.attention.self.query.ggm.G', 'bert.encoder.layer.3.attention.self.query.ggm.kernel.rho_eps_log', 'bert.encoder.layer.3.attention.self.key.ggm.weight', 'bert.encoder.layer.3.attention.self.key.ggm.bias', 'bert.encoder.layer.3.attention.self.key.ggm.gain', 'bert.encoder.layer.3.attention.self.key.ggm.x_log_scale_mult', 'bert.encoder.layer.3.attention.self.key.ggm.w_log_scale_mult', 'bert.encoder.layer.3.attention.self.key.ggm.G', 'bert.encoder.layer.3.attention.self.key.ggm.kernel.rho_eps_log', 'bert.encoder.layer.3.attention.self.value.ggm.weight', 'bert.encoder.layer.3.attention.self.value.ggm.bias', 'bert.encoder.layer.3.attention.self.value.ggm.gain', 'bert.encoder.layer.3.attention.self.value.ggm.x_log_scale_mult', 'bert.encoder.layer.3.attention.self.value.ggm.w_log_scale_mult', 'bert.encoder.layer.3.attention.self.value.ggm.G', 'bert.encoder.layer.3.attention.self.value.ggm.kernel.rho_eps_log', 'bert.encoder.layer.3.attention.output.dense.ggm.weight', 'bert.encoder.layer.3.attention.output.dense.ggm.bias', 'bert.encoder.layer.3.attention.output.dense.ggm.gain', 'bert.encoder.layer.3.attention.output.dense.ggm.x_log_scale_mult', 'bert.encoder.layer.3.attention.output.dense.ggm.w_log_scale_mult', 'bert.encoder.layer.3.attention.output.dense.ggm.G', 'bert.encoder.layer.3.attention.output.dense.ggm.kernel.rho_eps_log', 'bert.encoder.layer.3.intermediate.dense.ggm.weight', 'bert.encoder.layer.3.intermediate.dense.ggm.bias', 'bert.encoder.layer.3.intermediate.dense.ggm.gain', 'bert.encoder.layer.3.intermediate.dense.ggm.x_log_scale_mult', 'bert.encoder.layer.3.intermediate.dense.ggm.w_log_scale_mult', 'bert.encoder.layer.3.intermediate.dense.ggm.G', 'bert.encoder.layer.3.intermediate.dense.ggm.kernel.rho_eps_log', 'bert.encoder.layer.3.output.gate', 'bert.encoder.layer.3.output.dense.ggm.weight', 'bert.encoder.layer.3.output.dense.ggm.bias', 'bert.encoder.layer.3.output.dense.ggm.gain', 'bert.encoder.layer.3.output.dense.ggm.x_log_scale_mult', 'bert.encoder.layer.3.output.dense.ggm.w_log_scale_mult', 'bert.encoder.layer.3.output.dense.ggm.G', 'bert.encoder.layer.3.output.dense.ggm.kernel.rho_eps_log', 'bert.encoder.layer.4.attention.self.attn_log_scale', 'bert.encoder.layer.4.attention.self.clip_query', 'bert.encoder.layer.4.attention.self.clip_key', 'bert.encoder.layer.4.attention.self.clip_value', 'bert.encoder.layer.4.attention.self.clip_attn', 'bert.encoder.layer.4.attention.self.query.ggm.weight', 'bert.encoder.layer.4.attention.self.query.ggm.bias', 'bert.encoder.layer.4.attention.self.query.ggm.gain', 'bert.encoder.layer.4.attention.self.query.ggm.x_log_scale_mult', 'bert.encoder.layer.4.attention.self.query.ggm.w_log_scale_mult', 'bert.encoder.layer.4.attention.self.query.ggm.G', 'bert.encoder.layer.4.attention.self.query.ggm.kernel.rho_eps_log', 'bert.encoder.layer.4.attention.self.key.ggm.weight', 'bert.encoder.layer.4.attention.self.key.ggm.bias', 'bert.encoder.layer.4.attention.self.key.ggm.gain', 'bert.encoder.layer.4.attention.self.key.ggm.x_log_scale_mult', 'bert.encoder.layer.4.attention.self.key.ggm.w_log_scale_mult', 'bert.encoder.layer.4.attention.self.key.ggm.G', 'bert.encoder.layer.4.attention.self.key.ggm.kernel.rho_eps_log', 'bert.encoder.layer.4.attention.self.value.ggm.weight', 'bert.encoder.layer.4.attention.self.value.ggm.bias', 'bert.encoder.layer.4.attention.self.value.ggm.gain', 'bert.encoder.layer.4.attention.self.value.ggm.x_log_scale_mult', 'bert.encoder.layer.4.attention.self.value.ggm.w_log_scale_mult', 'bert.encoder.layer.4.attention.self.value.ggm.G', 'bert.encoder.layer.4.attention.self.value.ggm.kernel.rho_eps_log', 'bert.encoder.layer.4.attention.output.dense.ggm.weight', 'bert.encoder.layer.4.attention.output.dense.ggm.bias', 'bert.encoder.layer.4.attention.output.dense.ggm.gain', 'bert.encoder.layer.4.attention.output.dense.ggm.x_log_scale_mult', 'bert.encoder.layer.4.attention.output.dense.ggm.w_log_scale_mult', 'bert.encoder.layer.4.attention.output.dense.ggm.G', 'bert.encoder.layer.4.attention.output.dense.ggm.kernel.rho_eps_log', 'bert.encoder.layer.4.intermediate.dense.ggm.weight', 'bert.encoder.layer.4.intermediate.dense.ggm.bias', 'bert.encoder.layer.4.intermediate.dense.ggm.gain', 'bert.encoder.layer.4.intermediate.dense.ggm.x_log_scale_mult', 'bert.encoder.layer.4.intermediate.dense.ggm.w_log_scale_mult', 'bert.encoder.layer.4.intermediate.dense.ggm.G', 'bert.encoder.layer.4.intermediate.dense.ggm.kernel.rho_eps_log', 'bert.encoder.layer.4.output.gate', 'bert.encoder.layer.4.output.dense.ggm.weight', 'bert.encoder.layer.4.output.dense.ggm.bias', 'bert.encoder.layer.4.output.dense.ggm.gain', 'bert.encoder.layer.4.output.dense.ggm.x_log_scale_mult', 'bert.encoder.layer.4.output.dense.ggm.w_log_scale_mult', 'bert.encoder.layer.4.output.dense.ggm.G', 'bert.encoder.layer.4.output.dense.ggm.kernel.rho_eps_log', 'bert.encoder.layer.5.attention.self.attn_log_scale', 'bert.encoder.layer.5.attention.self.clip_query', 'bert.encoder.layer.5.attention.self.clip_key', 'bert.encoder.layer.5.attention.self.clip_value', 'bert.encoder.layer.5.attention.self.clip_attn', 'bert.encoder.layer.5.attention.self.query.ggm.weight', 'bert.encoder.layer.5.attention.self.query.ggm.bias', 'bert.encoder.layer.5.attention.self.query.ggm.gain', 'bert.encoder.layer.5.attention.self.query.ggm.x_log_scale_mult', 'bert.encoder.layer.5.attention.self.query.ggm.w_log_scale_mult', 'bert.encoder.layer.5.attention.self.query.ggm.G', 'bert.encoder.layer.5.attention.self.query.ggm.kernel.rho_eps_log', 'bert.encoder.layer.5.attention.self.key.ggm.weight', 'bert.encoder.layer.5.attention.self.key.ggm.bias', 'bert.encoder.layer.5.attention.self.key.ggm.gain', 'bert.encoder.layer.5.attention.self.key.ggm.x_log_scale_mult', 'bert.encoder.layer.5.attention.self.key.ggm.w_log_scale_mult', 'bert.encoder.layer.5.attention.self.key.ggm.G', 'bert.encoder.layer.5.attention.self.key.ggm.kernel.rho_eps_log', 'bert.encoder.layer.5.attention.self.value.ggm.weight', 'bert.encoder.layer.5.attention.self.value.ggm.bias', 'bert.encoder.layer.5.attention.self.value.ggm.gain', 'bert.encoder.layer.5.attention.self.value.ggm.x_log_scale_mult', 'bert.encoder.layer.5.attention.self.value.ggm.w_log_scale_mult', 'bert.encoder.layer.5.attention.self.value.ggm.G', 'bert.encoder.layer.5.attention.self.value.ggm.kernel.rho_eps_log', 'bert.encoder.layer.5.attention.output.dense.ggm.weight', 'bert.encoder.layer.5.attention.output.dense.ggm.bias', 'bert.encoder.layer.5.attention.output.dense.ggm.gain', 'bert.encoder.layer.5.attention.output.dense.ggm.x_log_scale_mult', 'bert.encoder.layer.5.attention.output.dense.ggm.w_log_scale_mult', 'bert.encoder.layer.5.attention.output.dense.ggm.G', 'bert.encoder.layer.5.attention.output.dense.ggm.kernel.rho_eps_log', 'bert.encoder.layer.5.intermediate.dense.ggm.weight', 'bert.encoder.layer.5.intermediate.dense.ggm.bias', 'bert.encoder.layer.5.intermediate.dense.ggm.gain', 'bert.encoder.layer.5.intermediate.dense.ggm.x_log_scale_mult', 'bert.encoder.layer.5.intermediate.dense.ggm.w_log_scale_mult', 'bert.encoder.layer.5.intermediate.dense.ggm.G', 'bert.encoder.layer.5.intermediate.dense.ggm.kernel.rho_eps_log', 'bert.encoder.layer.5.output.gate', 'bert.encoder.layer.5.output.dense.ggm.weight', 'bert.encoder.layer.5.output.dense.ggm.bias', 'bert.encoder.layer.5.output.dense.ggm.gain', 'bert.encoder.layer.5.output.dense.ggm.x_log_scale_mult', 'bert.encoder.layer.5.output.dense.ggm.w_log_scale_mult', 'bert.encoder.layer.5.output.dense.ggm.G', 'bert.encoder.layer.5.output.dense.ggm.kernel.rho_eps_log', 'bert.encoder.layer.6.attention.self.attn_log_scale', 'bert.encoder.layer.6.attention.self.clip_query', 'bert.encoder.layer.6.attention.self.clip_key', 'bert.encoder.layer.6.attention.self.clip_value', 'bert.encoder.layer.6.attention.self.clip_attn', 'bert.encoder.layer.6.attention.self.query.ggm.weight', 'bert.encoder.layer.6.attention.self.query.ggm.bias', 'bert.encoder.layer.6.attention.self.query.ggm.gain', 'bert.encoder.layer.6.attention.self.query.ggm.x_log_scale_mult', 'bert.encoder.layer.6.attention.self.query.ggm.w_log_scale_mult', 'bert.encoder.layer.6.attention.self.query.ggm.G', 'bert.encoder.layer.6.attention.self.query.ggm.kernel.rho_eps_log', 'bert.encoder.layer.6.attention.self.key.ggm.weight', 'bert.encoder.layer.6.attention.self.key.ggm.bias', 'bert.encoder.layer.6.attention.self.key.ggm.gain', 'bert.encoder.layer.6.attention.self.key.ggm.x_log_scale_mult', 'bert.encoder.layer.6.attention.self.key.ggm.w_log_scale_mult', 'bert.encoder.layer.6.attention.self.key.ggm.G', 'bert.encoder.layer.6.attention.self.key.ggm.kernel.rho_eps_log', 'bert.encoder.layer.6.attention.self.value.ggm.weight', 'bert.encoder.layer.6.attention.self.value.ggm.bias', 'bert.encoder.layer.6.attention.self.value.ggm.gain', 'bert.encoder.layer.6.attention.self.value.ggm.x_log_scale_mult', 'bert.encoder.layer.6.attention.self.value.ggm.w_log_scale_mult', 'bert.encoder.layer.6.attention.self.value.ggm.G', 'bert.encoder.layer.6.attention.self.value.ggm.kernel.rho_eps_log', 'bert.encoder.layer.6.attention.output.dense.ggm.weight', 'bert.encoder.layer.6.attention.output.dense.ggm.bias', 'bert.encoder.layer.6.attention.output.dense.ggm.gain', 'bert.encoder.layer.6.attention.output.dense.ggm.x_log_scale_mult', 'bert.encoder.layer.6.attention.output.dense.ggm.w_log_scale_mult', 'bert.encoder.layer.6.attention.output.dense.ggm.G', 'bert.encoder.layer.6.attention.output.dense.ggm.kernel.rho_eps_log', 'bert.encoder.layer.6.intermediate.dense.ggm.weight', 'bert.encoder.layer.6.intermediate.dense.ggm.bias', 'bert.encoder.layer.6.intermediate.dense.ggm.gain', 'bert.encoder.layer.6.intermediate.dense.ggm.x_log_scale_mult', 'bert.encoder.layer.6.intermediate.dense.ggm.w_log_scale_mult', 'bert.encoder.layer.6.intermediate.dense.ggm.G', 'bert.encoder.layer.6.intermediate.dense.ggm.kernel.rho_eps_log', 'bert.encoder.layer.6.output.gate', 'bert.encoder.layer.6.output.dense.ggm.weight', 'bert.encoder.layer.6.output.dense.ggm.bias', 'bert.encoder.layer.6.output.dense.ggm.gain', 'bert.encoder.layer.6.output.dense.ggm.x_log_scale_mult', 'bert.encoder.layer.6.output.dense.ggm.w_log_scale_mult', 'bert.encoder.layer.6.output.dense.ggm.G', 'bert.encoder.layer.6.output.dense.ggm.kernel.rho_eps_log', 'bert.encoder.layer.7.attention.self.attn_log_scale', 'bert.encoder.layer.7.attention.self.clip_query', 'bert.encoder.layer.7.attention.self.clip_key', 'bert.encoder.layer.7.attention.self.clip_value', 'bert.encoder.layer.7.attention.self.clip_attn', 'bert.encoder.layer.7.attention.self.query.ggm.weight', 'bert.encoder.layer.7.attention.self.query.ggm.bias', 'bert.encoder.layer.7.attention.self.query.ggm.gain', 'bert.encoder.layer.7.attention.self.query.ggm.x_log_scale_mult', 'bert.encoder.layer.7.attention.self.query.ggm.w_log_scale_mult', 'bert.encoder.layer.7.attention.self.query.ggm.G', 'bert.encoder.layer.7.attention.self.query.ggm.kernel.rho_eps_log', 'bert.encoder.layer.7.attention.self.key.ggm.weight', 'bert.encoder.layer.7.attention.self.key.ggm.bias', 'bert.encoder.layer.7.attention.self.key.ggm.gain', 'bert.encoder.layer.7.attention.self.key.ggm.x_log_scale_mult', 'bert.encoder.layer.7.attention.self.key.ggm.w_log_scale_mult', 'bert.encoder.layer.7.attention.self.key.ggm.G', 'bert.encoder.layer.7.attention.self.key.ggm.kernel.rho_eps_log', 'bert.encoder.layer.7.attention.self.value.ggm.weight', 'bert.encoder.layer.7.attention.self.value.ggm.bias', 'bert.encoder.layer.7.attention.self.value.ggm.gain', 'bert.encoder.layer.7.attention.self.value.ggm.x_log_scale_mult', 'bert.encoder.layer.7.attention.self.value.ggm.w_log_scale_mult', 'bert.encoder.layer.7.attention.self.value.ggm.G', 'bert.encoder.layer.7.attention.self.value.ggm.kernel.rho_eps_log', 'bert.encoder.layer.7.attention.output.dense.ggm.weight', 'bert.encoder.layer.7.attention.output.dense.ggm.bias', 'bert.encoder.layer.7.attention.output.dense.ggm.gain', 'bert.encoder.layer.7.attention.output.dense.ggm.x_log_scale_mult', 'bert.encoder.layer.7.attention.output.dense.ggm.w_log_scale_mult', 'bert.encoder.layer.7.attention.output.dense.ggm.G', 'bert.encoder.layer.7.attention.output.dense.ggm.kernel.rho_eps_log', 'bert.encoder.layer.7.intermediate.dense.ggm.weight', 'bert.encoder.layer.7.intermediate.dense.ggm.bias', 'bert.encoder.layer.7.intermediate.dense.ggm.gain', 'bert.encoder.layer.7.intermediate.dense.ggm.x_log_scale_mult', 'bert.encoder.layer.7.intermediate.dense.ggm.w_log_scale_mult', 'bert.encoder.layer.7.intermediate.dense.ggm.G', 'bert.encoder.layer.7.intermediate.dense.ggm.kernel.rho_eps_log', 'bert.encoder.layer.7.output.gate', 'bert.encoder.layer.7.output.dense.ggm.weight', 'bert.encoder.layer.7.output.dense.ggm.bias', 'bert.encoder.layer.7.output.dense.ggm.gain', 'bert.encoder.layer.7.output.dense.ggm.x_log_scale_mult', 'bert.encoder.layer.7.output.dense.ggm.w_log_scale_mult', 'bert.encoder.layer.7.output.dense.ggm.G', 'bert.encoder.layer.7.output.dense.ggm.kernel.rho_eps_log', 'bert.encoder.layer.8.attention.self.attn_log_scale', 'bert.encoder.layer.8.attention.self.clip_query', 'bert.encoder.layer.8.attention.self.clip_key', 'bert.encoder.layer.8.attention.self.clip_value', 'bert.encoder.layer.8.attention.self.clip_attn', 'bert.encoder.layer.8.attention.self.query.ggm.weight', 'bert.encoder.layer.8.attention.self.query.ggm.bias', 'bert.encoder.layer.8.attention.self.query.ggm.gain', 'bert.encoder.layer.8.attention.self.query.ggm.x_log_scale_mult', 'bert.encoder.layer.8.attention.self.query.ggm.w_log_scale_mult', 'bert.encoder.layer.8.attention.self.query.ggm.G', 'bert.encoder.layer.8.attention.self.query.ggm.kernel.rho_eps_log', 'bert.encoder.layer.8.attention.self.key.ggm.weight', 'bert.encoder.layer.8.attention.self.key.ggm.bias', 'bert.encoder.layer.8.attention.self.key.ggm.gain', 'bert.encoder.layer.8.attention.self.key.ggm.x_log_scale_mult', 'bert.encoder.layer.8.attention.self.key.ggm.w_log_scale_mult', 'bert.encoder.layer.8.attention.self.key.ggm.G', 'bert.encoder.layer.8.attention.self.key.ggm.kernel.rho_eps_log', 'bert.encoder.layer.8.attention.self.value.ggm.weight', 'bert.encoder.layer.8.attention.self.value.ggm.bias', 'bert.encoder.layer.8.attention.self.value.ggm.gain', 'bert.encoder.layer.8.attention.self.value.ggm.x_log_scale_mult', 'bert.encoder.layer.8.attention.self.value.ggm.w_log_scale_mult', 'bert.encoder.layer.8.attention.self.value.ggm.G', 'bert.encoder.layer.8.attention.self.value.ggm.kernel.rho_eps_log', 'bert.encoder.layer.8.attention.output.dense.ggm.weight', 'bert.encoder.layer.8.attention.output.dense.ggm.bias', 'bert.encoder.layer.8.attention.output.dense.ggm.gain', 'bert.encoder.layer.8.attention.output.dense.ggm.x_log_scale_mult', 'bert.encoder.layer.8.attention.output.dense.ggm.w_log_scale_mult', 'bert.encoder.layer.8.attention.output.dense.ggm.G', 'bert.encoder.layer.8.attention.output.dense.ggm.kernel.rho_eps_log', 'bert.encoder.layer.8.intermediate.dense.ggm.weight', 'bert.encoder.layer.8.intermediate.dense.ggm.bias', 'bert.encoder.layer.8.intermediate.dense.ggm.gain', 'bert.encoder.layer.8.intermediate.dense.ggm.x_log_scale_mult', 'bert.encoder.layer.8.intermediate.dense.ggm.w_log_scale_mult', 'bert.encoder.layer.8.intermediate.dense.ggm.G', 'bert.encoder.layer.8.intermediate.dense.ggm.kernel.rho_eps_log', 'bert.encoder.layer.8.output.gate', 'bert.encoder.layer.8.output.dense.ggm.weight', 'bert.encoder.layer.8.output.dense.ggm.bias', 'bert.encoder.layer.8.output.dense.ggm.gain', 'bert.encoder.layer.8.output.dense.ggm.x_log_scale_mult', 'bert.encoder.layer.8.output.dense.ggm.w_log_scale_mult', 'bert.encoder.layer.8.output.dense.ggm.G', 'bert.encoder.layer.8.output.dense.ggm.kernel.rho_eps_log', 'bert.encoder.layer.9.attention.self.attn_log_scale', 'bert.encoder.layer.9.attention.self.clip_query', 'bert.encoder.layer.9.attention.self.clip_key', 'bert.encoder.layer.9.attention.self.clip_value', 'bert.encoder.layer.9.attention.self.clip_attn', 'bert.encoder.layer.9.attention.self.query.ggm.weight', 'bert.encoder.layer.9.attention.self.query.ggm.bias', 'bert.encoder.layer.9.attention.self.query.ggm.gain', 'bert.encoder.layer.9.attention.self.query.ggm.x_log_scale_mult', 'bert.encoder.layer.9.attention.self.query.ggm.w_log_scale_mult', 'bert.encoder.layer.9.attention.self.query.ggm.G', 'bert.encoder.layer.9.attention.self.query.ggm.kernel.rho_eps_log', 'bert.encoder.layer.9.attention.self.key.ggm.weight', 'bert.encoder.layer.9.attention.self.key.ggm.bias', 'bert.encoder.layer.9.attention.self.key.ggm.gain', 'bert.encoder.layer.9.attention.self.key.ggm.x_log_scale_mult', 'bert.encoder.layer.9.attention.self.key.ggm.w_log_scale_mult', 'bert.encoder.layer.9.attention.self.key.ggm.G', 'bert.encoder.layer.9.attention.self.key.ggm.kernel.rho_eps_log', 'bert.encoder.layer.9.attention.self.value.ggm.weight', 'bert.encoder.layer.9.attention.self.value.ggm.bias', 'bert.encoder.layer.9.attention.self.value.ggm.gain', 'bert.encoder.layer.9.attention.self.value.ggm.x_log_scale_mult', 'bert.encoder.layer.9.attention.self.value.ggm.w_log_scale_mult', 'bert.encoder.layer.9.attention.self.value.ggm.G', 'bert.encoder.layer.9.attention.self.value.ggm.kernel.rho_eps_log', 'bert.encoder.layer.9.attention.output.dense.ggm.weight', 'bert.encoder.layer.9.attention.output.dense.ggm.bias', 'bert.encoder.layer.9.attention.output.dense.ggm.gain', 'bert.encoder.layer.9.attention.output.dense.ggm.x_log_scale_mult', 'bert.encoder.layer.9.attention.output.dense.ggm.w_log_scale_mult', 'bert.encoder.layer.9.attention.output.dense.ggm.G', 'bert.encoder.layer.9.attention.output.dense.ggm.kernel.rho_eps_log', 'bert.encoder.layer.9.intermediate.dense.ggm.weight', 'bert.encoder.layer.9.intermediate.dense.ggm.bias', 'bert.encoder.layer.9.intermediate.dense.ggm.gain', 'bert.encoder.layer.9.intermediate.dense.ggm.x_log_scale_mult', 'bert.encoder.layer.9.intermediate.dense.ggm.w_log_scale_mult', 'bert.encoder.layer.9.intermediate.dense.ggm.G', 'bert.encoder.layer.9.intermediate.dense.ggm.kernel.rho_eps_log', 'bert.encoder.layer.9.output.gate', 'bert.encoder.layer.9.output.dense.ggm.weight', 'bert.encoder.layer.9.output.dense.ggm.bias', 'bert.encoder.layer.9.output.dense.ggm.gain', 'bert.encoder.layer.9.output.dense.ggm.x_log_scale_mult', 'bert.encoder.layer.9.output.dense.ggm.w_log_scale_mult', 'bert.encoder.layer.9.output.dense.ggm.G', 'bert.encoder.layer.9.output.dense.ggm.kernel.rho_eps_log', 'bert.encoder.layer.10.attention.self.attn_log_scale', 'bert.encoder.layer.10.attention.self.clip_query', 'bert.encoder.layer.10.attention.self.clip_key', 'bert.encoder.layer.10.attention.self.clip_value', 'bert.encoder.layer.10.attention.self.clip_attn', 'bert.encoder.layer.10.attention.self.query.ggm.weight', 'bert.encoder.layer.10.attention.self.query.ggm.bias', 'bert.encoder.layer.10.attention.self.query.ggm.gain', 'bert.encoder.layer.10.attention.self.query.ggm.x_log_scale_mult', 'bert.encoder.layer.10.attention.self.query.ggm.w_log_scale_mult', 'bert.encoder.layer.10.attention.self.query.ggm.G', 'bert.encoder.layer.10.attention.self.query.ggm.kernel.rho_eps_log', 'bert.encoder.layer.10.attention.self.key.ggm.weight', 'bert.encoder.layer.10.attention.self.key.ggm.bias', 'bert.encoder.layer.10.attention.self.key.ggm.gain', 'bert.encoder.layer.10.attention.self.key.ggm.x_log_scale_mult', 'bert.encoder.layer.10.attention.self.key.ggm.w_log_scale_mult', 'bert.encoder.layer.10.attention.self.key.ggm.G', 'bert.encoder.layer.10.attention.self.key.ggm.kernel.rho_eps_log', 'bert.encoder.layer.10.attention.self.value.ggm.weight', 'bert.encoder.layer.10.attention.self.value.ggm.bias', 'bert.encoder.layer.10.attention.self.value.ggm.gain', 'bert.encoder.layer.10.attention.self.value.ggm.x_log_scale_mult', 'bert.encoder.layer.10.attention.self.value.ggm.w_log_scale_mult', 'bert.encoder.layer.10.attention.self.value.ggm.G', 'bert.encoder.layer.10.attention.self.value.ggm.kernel.rho_eps_log', 'bert.encoder.layer.10.attention.output.dense.ggm.weight', 'bert.encoder.layer.10.attention.output.dense.ggm.bias', 'bert.encoder.layer.10.attention.output.dense.ggm.gain', 'bert.encoder.layer.10.attention.output.dense.ggm.x_log_scale_mult', 'bert.encoder.layer.10.attention.output.dense.ggm.w_log_scale_mult', 'bert.encoder.layer.10.attention.output.dense.ggm.G', 'bert.encoder.layer.10.attention.output.dense.ggm.kernel.rho_eps_log', 'bert.encoder.layer.10.intermediate.dense.ggm.weight', 'bert.encoder.layer.10.intermediate.dense.ggm.bias', 'bert.encoder.layer.10.intermediate.dense.ggm.gain', 'bert.encoder.layer.10.intermediate.dense.ggm.x_log_scale_mult', 'bert.encoder.layer.10.intermediate.dense.ggm.w_log_scale_mult', 'bert.encoder.layer.10.intermediate.dense.ggm.G', 'bert.encoder.layer.10.intermediate.dense.ggm.kernel.rho_eps_log', 'bert.encoder.layer.10.output.gate', 'bert.encoder.layer.10.output.dense.ggm.weight', 'bert.encoder.layer.10.output.dense.ggm.bias', 'bert.encoder.layer.10.output.dense.ggm.gain', 'bert.encoder.layer.10.output.dense.ggm.x_log_scale_mult', 'bert.encoder.layer.10.output.dense.ggm.w_log_scale_mult', 'bert.encoder.layer.10.output.dense.ggm.G', 'bert.encoder.layer.10.output.dense.ggm.kernel.rho_eps_log', 'bert.encoder.layer.11.attention.self.attn_log_scale', 'bert.encoder.layer.11.attention.self.clip_query', 'bert.encoder.layer.11.attention.self.clip_key', 'bert.encoder.layer.11.attention.self.clip_value', 'bert.encoder.layer.11.attention.self.clip_attn', 'bert.encoder.layer.11.attention.self.query.ggm.weight', 'bert.encoder.layer.11.attention.self.query.ggm.bias', 'bert.encoder.layer.11.attention.self.query.ggm.gain', 'bert.encoder.layer.11.attention.self.query.ggm.x_log_scale_mult', 'bert.encoder.layer.11.attention.self.query.ggm.w_log_scale_mult', 'bert.encoder.layer.11.attention.self.query.ggm.G', 'bert.encoder.layer.11.attention.self.query.ggm.kernel.rho_eps_log', 'bert.encoder.layer.11.attention.self.key.ggm.weight', 'bert.encoder.layer.11.attention.self.key.ggm.bias', 'bert.encoder.layer.11.attention.self.key.ggm.gain', 'bert.encoder.layer.11.attention.self.key.ggm.x_log_scale_mult', 'bert.encoder.layer.11.attention.self.key.ggm.w_log_scale_mult', 'bert.encoder.layer.11.attention.self.key.ggm.G', 'bert.encoder.layer.11.attention.self.key.ggm.kernel.rho_eps_log', 'bert.encoder.layer.11.attention.self.value.ggm.weight', 'bert.encoder.layer.11.attention.self.value.ggm.bias', 'bert.encoder.layer.11.attention.self.value.ggm.gain', 'bert.encoder.layer.11.attention.self.value.ggm.x_log_scale_mult', 'bert.encoder.layer.11.attention.self.value.ggm.w_log_scale_mult', 'bert.encoder.layer.11.attention.self.value.ggm.G', 'bert.encoder.layer.11.attention.self.value.ggm.kernel.rho_eps_log', 'bert.encoder.layer.11.attention.output.dense.ggm.weight', 'bert.encoder.layer.11.attention.output.dense.ggm.bias', 'bert.encoder.layer.11.attention.output.dense.ggm.gain', 'bert.encoder.layer.11.attention.output.dense.ggm.x_log_scale_mult', 'bert.encoder.layer.11.attention.output.dense.ggm.w_log_scale_mult', 'bert.encoder.layer.11.attention.output.dense.ggm.G', 'bert.encoder.layer.11.attention.output.dense.ggm.kernel.rho_eps_log', 'bert.encoder.layer.11.intermediate.dense.ggm.weight', 'bert.encoder.layer.11.intermediate.dense.ggm.bias', 'bert.encoder.layer.11.intermediate.dense.ggm.gain', 'bert.encoder.layer.11.intermediate.dense.ggm.x_log_scale_mult', 'bert.encoder.layer.11.intermediate.dense.ggm.w_log_scale_mult', 'bert.encoder.layer.11.intermediate.dense.ggm.G', 'bert.encoder.layer.11.intermediate.dense.ggm.kernel.rho_eps_log', 'bert.encoder.layer.11.output.gate', 'bert.encoder.layer.11.output.dense.ggm.weight', 'bert.encoder.layer.11.output.dense.ggm.bias', 'bert.encoder.layer.11.output.dense.ggm.gain', 'bert.encoder.layer.11.output.dense.ggm.x_log_scale_mult', 'bert.encoder.layer.11.output.dense.ggm.w_log_scale_mult', 'bert.encoder.layer.11.output.dense.ggm.G', 'bert.encoder.layer.11.output.dense.ggm.kernel.rho_eps_log', 'bert.pooler.dense.ggm.weight', 'bert.pooler.dense.ggm.bias', 'bert.pooler.dense.ggm.gain', 'bert.pooler.dense.ggm.x_log_scale_mult', 'bert.pooler.dense.ggm.w_log_scale_mult', 'bert.pooler.dense.ggm.G', 'bert.pooler.dense.ggm.kernel.rho_eps_log']
07/31 09:37:35 AM ***** Running training *****
07/31 09:37:35 AM   Num examples = 67349
07/31 09:37:35 AM   Batch size = 32
07/31 09:37:35 AM   Num steps = 105200
Epoch:   0%|          | 0/50 [00:00<?, ?it/s]
Iteration:   0%|          | 0/2105 [00:00<?, ?it/s][A/workspace/BiBERT/transformer/optimization.py:275: UserWarning: This overload of add_ is deprecated:
	add_(Number alpha, Tensor other)
Consider using one of the following signatures instead:
	add_(Tensor other, *, Number alpha = 1) (Triggered internally at /pytorch/torch/csrc/utils/python_arg_parser.cpp:1870.)
  next_m.mul_(beta1).add_(1 - beta1, grad)

Iteration:   0%|          | 1/2105 [00:00<15:31,  2.26it/s][A
Iteration:   0%|          | 2/2105 [00:00<11:10,  3.13it/s][A
Iteration:   0%|          | 3/2105 [00:00<09:46,  3.58it/s][A
Iteration:   0%|          | 4/2105 [00:01<09:09,  3.82it/s][A
Iteration:   0%|          | 5/2105 [00:01<08:58,  3.90it/s][A
Iteration:   0%|          | 6/2105 [00:01<08:50,  3.96it/s][A
Iteration:   0%|          | 7/2105 [00:01<08:36,  4.06it/s][A
Iteration:   0%|          | 8/2105 [00:02<08:26,  4.14it/s][A
Iteration:   0%|          | 9/2105 [00:02<08:19,  4.20it/s][A
Iteration:   0%|          | 10/2105 [00:02<08:15,  4.23it/s][A
Iteration:   1%|          | 11/2105 [00:02<08:18,  4.20it/s][A
Iteration:   1%|          | 12/2105 [00:03<08:16,  4.22it/s][A
Iteration:   1%|          | 13/2105 [00:03<08:19,  4.19it/s][A
Iteration:   1%|          | 14/2105 [00:03<08:16,  4.21it/s][A
Iteration:   1%|          | 15/2105 [00:03<08:13,  4.24it/s][A
Iteration:   1%|          | 16/2105 [00:03<08:10,  4.26it/s][A
Iteration:   1%|          | 17/2105 [00:04<08:15,  4.22it/s][A
Iteration:   1%|          | 18/2105 [00:04<08:11,  4.25it/s][A
Iteration:   1%|          | 19/2105 [00:04<08:08,  4.27it/s][A
Iteration:   1%|          | 20/2105 [00:04<08:06,  4.29it/s][A
Iteration:   1%|          | 21/2105 [00:05<08:04,  4.30it/s][A
Iteration:   1%|1         | 22/2105 [00:05<08:03,  4.31it/s][A
Iteration:   1%|1         | 23/2105 [00:05<08:02,  4.31it/s][A
Iteration:   1%|1         | 24/2105 [00:05<08:01,  4.32it/s][A
Iteration:   1%|1         | 25/2105 [00:06<08:03,  4.30it/s][A
Iteration:   1%|1         | 26/2105 [00:06<08:02,  4.31it/s][A
Iteration:   1%|1         | 27/2105 [00:06<08:01,  4.31it/s][A
Iteration:   1%|1         | 28/2105 [00:06<08:01,  4.32it/s][A
Iteration:   1%|1         | 29/2105 [00:07<08:01,  4.31it/s][A
Iteration:   1%|1         | 30/2105 [00:07<08:01,  4.31it/s][A
Iteration:   1%|1         | 31/2105 [00:07<08:00,  4.31it/s][A
Iteration:   2%|1         | 32/2105 [00:07<08:00,  4.32it/s][A
Iteration:   2%|1         | 33/2105 [00:07<08:00,  4.31it/s][A
Iteration:   2%|1         | 34/2105 [00:08<08:05,  4.27it/s][A
Iteration:   2%|1         | 35/2105 [00:08<08:06,  4.25it/s][A
Iteration:   2%|1         | 36/2105 [00:08<08:08,  4.24it/s][A
Iteration:   2%|1         | 37/2105 [00:08<08:08,  4.23it/s][A
Iteration:   2%|1         | 38/2105 [00:09<08:08,  4.23it/s][A
Iteration:   2%|1         | 39/2105 [00:09<08:06,  4.25it/s][A
Iteration:   2%|1         | 40/2105 [00:09<08:05,  4.26it/s][A
Iteration:   2%|1         | 41/2105 [00:09<08:03,  4.27it/s][A
Iteration:   2%|1         | 42/2105 [00:10<08:06,  4.24it/s][A
Iteration:   2%|2         | 43/2105 [00:10<08:08,  4.22it/s][A
Iteration:   2%|2         | 44/2105 [00:10<08:13,  4.18it/s][A
Iteration:   2%|2         | 45/2105 [00:10<08:10,  4.20it/s][A
Iteration:   2%|2         | 46/2105 [00:11<08:06,  4.23it/s][A
Iteration:   2%|2         | 47/2105 [00:11<08:03,  4.25it/s][A
Iteration:   2%|2         | 48/2105 [00:11<08:09,  4.20it/s][A
Iteration:   2%|2         | 49/2105 [00:11<08:12,  4.17it/s][A
Iteration:   2%|2         | 50/2105 [00:11<08:07,  4.21it/s][A
Iteration:   2%|2         | 51/2105 [00:12<08:08,  4.21it/s][A
Iteration:   2%|2         | 52/2105 [00:12<08:09,  4.19it/s][A
Iteration:   3%|2         | 53/2105 [00:12<08:04,  4.23it/s][A
Iteration:   3%|2         | 54/2105 [00:12<08:01,  4.26it/s][A
Iteration:   3%|2         | 55/2105 [00:13<07:58,  4.28it/s][A
Iteration:   3%|2         | 56/2105 [00:13<08:02,  4.24it/s][A
Iteration:   3%|2         | 57/2105 [00:13<08:00,  4.26it/s][A
Iteration:   3%|2         | 58/2105 [00:13<07:58,  4.28it/s][A
Iteration:   3%|2         | 59/2105 [00:14<07:56,  4.29it/s][A
Iteration:   3%|2         | 60/2105 [00:14<07:55,  4.30it/s][A
Iteration:   3%|2         | 61/2105 [00:14<07:54,  4.31it/s][A
Iteration:   3%|2         | 62/2105 [00:14<07:59,  4.26it/s][A
Iteration:   3%|2         | 63/2105 [00:15<07:56,  4.28it/s][A
Iteration:   3%|3         | 64/2105 [00:15<08:03,  4.22it/s][A
Iteration:   3%|3         | 65/2105 [00:15<08:00,  4.25it/s][A
Iteration:   3%|3         | 66/2105 [00:15<07:58,  4.26it/s][A
Iteration:   3%|3         | 67/2105 [00:15<07:58,  4.26it/s][A
Iteration:   3%|3         | 68/2105 [00:16<07:58,  4.26it/s][A
Iteration:   3%|3         | 69/2105 [00:16<07:55,  4.28it/s][A
Iteration:   3%|3         | 70/2105 [00:16<07:53,  4.30it/s][A
Iteration:   3%|3         | 71/2105 [00:16<07:52,  4.31it/s][A
Iteration:   3%|3         | 72/2105 [00:17<07:51,  4.31it/s][A
Iteration:   3%|3         | 73/2105 [00:17<07:51,  4.31it/s][A
Iteration:   4%|3         | 74/2105 [00:17<07:50,  4.32it/s][A
Iteration:   4%|3         | 75/2105 [00:17<07:49,  4.33it/s][A
Iteration:   4%|3         | 76/2105 [00:18<07:49,  4.33it/s][A
Iteration:   4%|3         | 77/2105 [00:18<07:48,  4.33it/s][A
Iteration:   4%|3         | 78/2105 [00:18<07:48,  4.33it/s][A
Iteration:   4%|3         | 79/2105 [00:18<07:54,  4.27it/s][A
Iteration:   4%|3         | 80/2105 [00:18<07:52,  4.29it/s][A
Iteration:   4%|3         | 81/2105 [00:19<07:50,  4.30it/s][A
Iteration:   4%|3         | 82/2105 [00:19<07:49,  4.31it/s][A
Iteration:   4%|3         | 83/2105 [00:19<07:48,  4.32it/s][A
Iteration:   4%|3         | 84/2105 [00:19<07:49,  4.31it/s][A
Iteration:   4%|4         | 85/2105 [00:20<07:52,  4.28it/s][A
Iteration:   4%|4         | 86/2105 [00:20<07:50,  4.29it/s][A
Iteration:   4%|4         | 87/2105 [00:20<07:49,  4.29it/s][A
Iteration:   4%|4         | 88/2105 [00:20<07:48,  4.31it/s][A
Iteration:   4%|4         | 89/2105 [00:21<07:47,  4.31it/s][A
Iteration:   4%|4         | 90/2105 [00:21<07:49,  4.30it/s][A
Iteration:   4%|4         | 91/2105 [00:21<07:48,  4.30it/s][A
Iteration:   4%|4         | 92/2105 [00:21<07:47,  4.30it/s][A
Iteration:   4%|4         | 93/2105 [00:21<07:47,  4.31it/s][A
Iteration:   4%|4         | 94/2105 [00:22<07:46,  4.31it/s][A
Iteration:   5%|4         | 95/2105 [00:22<07:45,  4.32it/s][A
Iteration:   5%|4         | 96/2105 [00:22<07:44,  4.33it/s][A
Iteration:   5%|4         | 97/2105 [00:22<07:44,  4.32it/s][A
Iteration:   5%|4         | 98/2105 [00:23<07:43,  4.33it/s][A
Iteration:   5%|4         | 99/2105 [00:23<07:43,  4.33it/s][A
Iteration:   5%|4         | 100/2105 [00:23<07:42,  4.33it/s][A
Iteration:   5%|4         | 101/2105 [00:23<07:42,  4.34it/s][A
Iteration:   5%|4         | 102/2105 [00:24<07:41,  4.34it/s][A
Iteration:   5%|4         | 103/2105 [00:24<07:41,  4.34it/s][A
Iteration:   5%|4         | 104/2105 [00:24<07:41,  4.34it/s][A
Iteration:   5%|4         | 105/2105 [00:24<07:40,  4.34it/s][A
Iteration:   5%|5         | 106/2105 [00:24<07:40,  4.34it/s][A
Iteration:   5%|5         | 107/2105 [00:25<07:40,  4.34it/s][A
Iteration:   5%|5         | 108/2105 [00:25<07:39,  4.34it/s][A
Iteration:   5%|5         | 109/2105 [00:25<07:39,  4.34it/s][A
Iteration:   5%|5         | 110/2105 [00:25<07:39,  4.34it/s][A
Iteration:   5%|5         | 111/2105 [00:26<07:39,  4.33it/s][A
Iteration:   5%|5         | 112/2105 [00:26<07:40,  4.33it/s][A
Iteration:   5%|5         | 113/2105 [00:26<07:40,  4.33it/s][A
Iteration:   5%|5         | 114/2105 [00:26<07:40,  4.32it/s][A
Iteration:   5%|5         | 115/2105 [00:27<07:40,  4.32it/s][A
Iteration:   6%|5         | 116/2105 [00:27<07:39,  4.33it/s][A
Iteration:   6%|5         | 117/2105 [00:27<07:39,  4.33it/s][A
Iteration:   6%|5         | 118/2105 [00:27<07:41,  4.31it/s][A
Iteration:   6%|5         | 119/2105 [00:27<07:41,  4.31it/s][A
Iteration:   6%|5         | 120/2105 [00:28<07:46,  4.25it/s][A
Iteration:   6%|5         | 121/2105 [00:28<08:00,  4.13it/s][A
Iteration:   6%|5         | 122/2105 [00:28<07:55,  4.17it/s][A
Iteration:   6%|5         | 123/2105 [00:28<07:51,  4.20it/s][A
Iteration:   6%|5         | 124/2105 [00:29<07:55,  4.17it/s][A
Iteration:   6%|5         | 125/2105 [00:29<08:07,  4.06it/s][A
Iteration:   6%|5         | 126/2105 [00:29<08:06,  4.07it/s][A
Iteration:   6%|6         | 127/2105 [00:29<07:59,  4.13it/s][A
Iteration:   6%|6         | 128/2105 [00:30<07:54,  4.17it/s][A
Iteration:   6%|6         | 129/2105 [00:30<07:55,  4.16it/s][A
Iteration:   6%|6         | 130/2105 [00:30<07:49,  4.21it/s][A
Iteration:   6%|6         | 131/2105 [00:30<07:46,  4.23it/s][A
Iteration:   6%|6         | 132/2105 [00:31<07:44,  4.25it/s][A
Iteration:   6%|6         | 133/2105 [00:31<07:42,  4.26it/s][A
Iteration:   6%|6         | 134/2105 [00:31<07:41,  4.27it/s][A
Iteration:   6%|6         | 135/2105 [00:31<07:40,  4.28it/s][A
Iteration:   6%|6         | 136/2105 [00:32<07:39,  4.28it/s][A
Iteration:   7%|6         | 137/2105 [00:32<07:39,  4.29it/s][A
Iteration:   7%|6         | 138/2105 [00:32<07:39,  4.29it/s][A
Iteration:   7%|6         | 139/2105 [00:32<07:38,  4.29it/s][A
Iteration:   7%|6         | 140/2105 [00:32<07:39,  4.28it/s][A
Iteration:   7%|6         | 141/2105 [00:33<07:39,  4.27it/s][A
Iteration:   7%|6         | 142/2105 [00:33<07:38,  4.28it/s][A
Iteration:   7%|6         | 143/2105 [00:33<07:38,  4.28it/s][A
Iteration:   7%|6         | 144/2105 [00:33<07:37,  4.29it/s][A
Iteration:   7%|6         | 145/2105 [00:34<07:37,  4.29it/s][A
Iteration:   7%|6         | 146/2105 [00:34<07:38,  4.27it/s][A
Iteration:   7%|6         | 147/2105 [00:34<07:40,  4.25it/s][A
Iteration:   7%|7         | 148/2105 [00:34<07:37,  4.28it/s][A
Iteration:   7%|7         | 149/2105 [00:35<07:35,  4.30it/s][A
Iteration:   7%|7         | 150/2105 [00:35<07:33,  4.31it/s][A
Iteration:   7%|7         | 151/2105 [00:35<07:32,  4.32it/s][A
Iteration:   7%|7         | 152/2105 [00:35<07:31,  4.32it/s][A
Iteration:   7%|7         | 153/2105 [00:36<07:30,  4.33it/s][A
Iteration:   7%|7         | 154/2105 [00:36<07:30,  4.34it/s][A
Iteration:   7%|7         | 155/2105 [00:36<07:33,  4.30it/s][A
Iteration:   7%|7         | 156/2105 [00:36<07:32,  4.31it/s][A
Iteration:   7%|7         | 157/2105 [00:36<07:39,  4.24it/s][A
Iteration:   8%|7         | 158/2105 [00:37<07:36,  4.27it/s][A
Iteration:   8%|7         | 159/2105 [00:37<07:33,  4.29it/s][A
Iteration:   8%|7         | 160/2105 [00:37<07:32,  4.30it/s][A
Iteration:   8%|7         | 161/2105 [00:37<07:30,  4.31it/s][A
Iteration:   8%|7         | 162/2105 [00:38<07:29,  4.32it/s][A
Iteration:   8%|7         | 163/2105 [00:38<07:38,  4.24it/s][A
Iteration:   8%|7         | 164/2105 [00:38<07:35,  4.26it/s][A
Iteration:   8%|7         | 165/2105 [00:38<07:33,  4.28it/s][A
Iteration:   8%|7         | 166/2105 [00:39<07:31,  4.29it/s][A
Iteration:   8%|7         | 167/2105 [00:39<07:31,  4.29it/s][A
Iteration:   8%|7         | 168/2105 [00:39<07:30,  4.30it/s][A
Iteration:   8%|8         | 169/2105 [00:39<07:33,  4.27it/s][A
Iteration:   8%|8         | 170/2105 [00:39<07:31,  4.29it/s][A
Iteration:   8%|8         | 171/2105 [00:40<07:30,  4.29it/s][A
Iteration:   8%|8         | 172/2105 [00:40<07:29,  4.30it/s][A
Iteration:   8%|8         | 173/2105 [00:40<07:29,  4.30it/s][A
Iteration:   8%|8         | 174/2105 [00:40<07:34,  4.25it/s][A
Iteration:   8%|8         | 175/2105 [00:41<07:32,  4.27it/s][A
Iteration:   8%|8         | 176/2105 [00:41<07:29,  4.29it/s][A
Iteration:   8%|8         | 177/2105 [00:41<07:28,  4.30it/s][A
Iteration:   8%|8         | 178/2105 [00:41<07:26,  4.31it/s][A
Iteration:   9%|8         | 179/2105 [00:42<07:25,  4.32it/s][A
Iteration:   9%|8         | 180/2105 [00:42<07:29,  4.28it/s][A
Iteration:   9%|8         | 181/2105 [00:42<07:28,  4.29it/s][A
Iteration:   9%|8         | 182/2105 [00:42<07:27,  4.30it/s][A
Iteration:   9%|8         | 183/2105 [00:42<07:25,  4.31it/s][A
Iteration:   9%|8         | 184/2105 [00:43<07:24,  4.32it/s][A
Iteration:   9%|8         | 185/2105 [00:43<07:27,  4.29it/s][A
Iteration:   9%|8         | 186/2105 [00:43<07:25,  4.30it/s][A
Iteration:   9%|8         | 187/2105 [00:43<07:26,  4.30it/s][A
Iteration:   9%|8         | 188/2105 [00:44<07:25,  4.30it/s][A
Iteration:   9%|8         | 189/2105 [00:44<07:24,  4.31it/s][A
Iteration:   9%|9         | 190/2105 [00:44<07:23,  4.32it/s][A
Iteration:   9%|9         | 191/2105 [00:44<07:29,  4.26it/s][A
Iteration:   9%|9         | 192/2105 [00:45<07:31,  4.24it/s][A
Iteration:   9%|9         | 193/2105 [00:45<07:29,  4.25it/s][A
Iteration:   9%|9         | 194/2105 [00:45<07:27,  4.27it/s][A
Iteration:   9%|9         | 195/2105 [00:45<07:25,  4.29it/s][A
Iteration:   9%|9         | 196/2105 [00:46<07:23,  4.30it/s][A
Iteration:   9%|9         | 197/2105 [00:46<07:28,  4.26it/s][A
Iteration:   9%|9         | 198/2105 [00:46<07:32,  4.22it/s][A
Iteration:   9%|9         | 199/2105 [00:46<07:28,  4.25it/s][A07/31 09:38:23 AM ***** Running evaluation *****
07/31 09:38:23 AM   Epoch = 0 iter 200 step, (105200.0 steps in total)
07/31 09:38:23 AM   Num examples = 872
07/31 09:38:23 AM   Batch size = 32
07/31 09:38:25 AM ***** Eval results *****
07/31 09:38:25 AM   acc = 0.5091743119266054
07/31 09:38:25 AM   cls_loss = 0.6919266727566719
07/31 09:38:25 AM   eval_loss = 0.6929752166782107
07/31 09:38:25 AM   global_step = 200
07/31 09:38:25 AM   key_loss = 6.580754048824311
07/31 09:38:25 AM   loss = 31.147396402359007
07/31 09:38:25 AM   query_loss = 5.522776312828064
07/31 09:38:25 AM   rep_loss = 10.892940649986267
07/31 09:38:25 AM   value_loss = 7.458998770713806
07/31 09:38:25 AM ***** Save full precision model *****

Iteration:  10%|9         | 200/2105 [00:49<29:21,  1.08it/s][A
Iteration:  10%|9         | 201/2105 [00:49<22:44,  1.40it/s][A
Iteration:  10%|9         | 202/2105 [00:49<18:06,  1.75it/s][A
Iteration:  10%|9         | 203/2105 [00:49<14:51,  2.13it/s][A
Iteration:  10%|9         | 204/2105 [00:50<12:40,  2.50it/s][A
Iteration:  10%|9         | 205/2105 [00:50<11:09,  2.84it/s][A
Iteration:  10%|9         | 206/2105 [00:50<10:00,  3.16it/s][A
Iteration:  10%|9         | 207/2105 [00:50<09:11,  3.44it/s][A
Iteration:  10%|9         | 208/2105 [00:51<08:57,  3.53it/s][A
Iteration:  10%|9         | 209/2105 [00:51<08:28,  3.73it/s][A
Iteration:  10%|9         | 210/2105 [00:51<08:12,  3.84it/s][A
Iteration:  10%|#         | 211/2105 [00:51<07:55,  3.98it/s][A
Iteration:  10%|#         | 212/2105 [00:52<07:43,  4.08it/s][A
Iteration:  10%|#         | 213/2105 [00:52<07:35,  4.16it/s][A
Iteration:  10%|#         | 214/2105 [00:52<07:29,  4.21it/s][A
Iteration:  10%|#         | 215/2105 [00:52<07:25,  4.24it/s][A
Iteration:  10%|#         | 216/2105 [00:53<07:27,  4.23it/s][A
Iteration:  10%|#         | 217/2105 [00:53<07:24,  4.25it/s][A
Iteration:  10%|#         | 218/2105 [00:53<07:21,  4.28it/s][A
Iteration:  10%|#         | 219/2105 [00:53<07:19,  4.29it/s][A
Iteration:  10%|#         | 220/2105 [00:53<07:17,  4.31it/s][A
Iteration:  10%|#         | 221/2105 [00:54<07:20,  4.28it/s][A
Iteration:  11%|#         | 222/2105 [00:54<07:23,  4.25it/s][A
Iteration:  11%|#         | 223/2105 [00:54<07:20,  4.28it/s][A
Iteration:  11%|#         | 224/2105 [00:54<07:18,  4.29it/s][A
Iteration:  11%|#         | 225/2105 [00:55<07:16,  4.31it/s][A
Iteration:  11%|#         | 226/2105 [00:55<07:14,  4.32it/s][A
Iteration:  11%|#         | 227/2105 [00:55<07:17,  4.29it/s][A
Iteration:  11%|#         | 228/2105 [00:55<07:16,  4.30it/s][A
Iteration:  11%|#         | 229/2105 [00:56<07:14,  4.31it/s][A
Iteration:  11%|#         | 230/2105 [00:56<07:13,  4.32it/s][A
Iteration:  11%|#         | 231/2105 [00:56<07:12,  4.33it/s][A
Iteration:  11%|#1        | 232/2105 [00:56<07:12,  4.33it/s][A
Iteration:  11%|#1        | 233/2105 [00:56<07:12,  4.33it/s][A
Iteration:  11%|#1        | 234/2105 [00:57<07:14,  4.30it/s][A
Iteration:  11%|#1        | 235/2105 [00:57<07:13,  4.31it/s][A
Iteration:  11%|#1        | 236/2105 [00:57<07:13,  4.31it/s][A
Iteration:  11%|#1        | 237/2105 [00:57<07:12,  4.32it/s][A
Iteration:  11%|#1        | 238/2105 [00:58<07:11,  4.32it/s][A
Iteration:  11%|#1        | 239/2105 [00:58<07:13,  4.31it/s][A
Iteration:  11%|#1        | 240/2105 [00:58<07:12,  4.31it/s][A
Iteration:  11%|#1        | 241/2105 [00:58<07:11,  4.32it/s][A
Iteration:  11%|#1        | 242/2105 [00:59<07:10,  4.32it/s][A
Iteration:  12%|#1        | 243/2105 [00:59<07:10,  4.32it/s][A
Iteration:  12%|#1        | 244/2105 [00:59<07:10,  4.32it/s][A
Iteration:  12%|#1        | 245/2105 [00:59<07:11,  4.32it/s][A
Iteration:  12%|#1        | 246/2105 [01:00<07:14,  4.28it/s][A
Iteration:  12%|#1        | 247/2105 [01:00<07:12,  4.30it/s][A
Iteration:  12%|#1        | 248/2105 [01:00<07:10,  4.31it/s][A
Iteration:  12%|#1        | 249/2105 [01:00<07:09,  4.32it/s][A
Iteration:  12%|#1        | 250/2105 [01:00<07:14,  4.27it/s][A
Iteration:  12%|#1        | 251/2105 [01:01<07:11,  4.29it/s][A
Iteration:  12%|#1        | 252/2105 [01:01<07:17,  4.24it/s][A
Iteration:  12%|#2        | 253/2105 [01:01<07:14,  4.26it/s][A
Iteration:  12%|#2        | 254/2105 [01:01<07:12,  4.28it/s][A
Iteration:  12%|#2        | 255/2105 [01:02<07:10,  4.30it/s][A
Iteration:  12%|#2        | 256/2105 [01:02<07:10,  4.29it/s][A
Iteration:  12%|#2        | 257/2105 [01:02<07:09,  4.31it/s][A
Iteration:  12%|#2        | 258/2105 [01:02<07:07,  4.32it/s][A
Iteration:  12%|#2        | 259/2105 [01:03<07:06,  4.32it/s][A
Iteration:  12%|#2        | 260/2105 [01:03<07:06,  4.33it/s][A
Iteration:  12%|#2        | 261/2105 [01:03<07:05,  4.33it/s][A
Iteration:  12%|#2        | 262/2105 [01:03<07:15,  4.24it/s][A
Iteration:  12%|#2        | 263/2105 [01:03<07:12,  4.26it/s][A
Iteration:  13%|#2        | 264/2105 [01:04<07:10,  4.28it/s][A
Iteration:  13%|#2        | 265/2105 [01:04<07:07,  4.30it/s][A
Iteration:  13%|#2        | 266/2105 [01:04<07:06,  4.32it/s][A
Iteration:  13%|#2        | 267/2105 [01:04<07:06,  4.31it/s][A
Iteration:  13%|#2        | 268/2105 [01:05<07:08,  4.29it/s][A
Iteration:  13%|#2        | 269/2105 [01:05<07:06,  4.30it/s][A
Iteration:  13%|#2        | 270/2105 [01:05<07:05,  4.31it/s][A
Iteration:  13%|#2        | 271/2105 [01:05<07:05,  4.31it/s][A
Iteration:  13%|#2        | 272/2105 [01:06<07:05,  4.31it/s][A
Iteration:  13%|#2        | 273/2105 [01:06<07:06,  4.30it/s][A
Iteration:  13%|#3        | 274/2105 [01:06<07:04,  4.31it/s][A
Iteration:  13%|#3        | 275/2105 [01:06<07:05,  4.30it/s][A
Iteration:  13%|#3        | 276/2105 [01:06<07:04,  4.30it/s][A
Iteration:  13%|#3        | 277/2105 [01:07<07:03,  4.32it/s][A
Iteration:  13%|#3        | 278/2105 [01:07<07:07,  4.27it/s][A
Iteration:  13%|#3        | 279/2105 [01:07<07:05,  4.29it/s][A
Iteration:  13%|#3        | 280/2105 [01:07<07:03,  4.31it/s][A
Iteration:  13%|#3        | 281/2105 [01:08<07:02,  4.32it/s][A
Iteration:  13%|#3        | 282/2105 [01:08<07:01,  4.33it/s][A
Iteration:  13%|#3        | 283/2105 [01:08<07:00,  4.34it/s][A
Iteration:  13%|#3        | 284/2105 [01:08<07:06,  4.27it/s][A
Iteration:  14%|#3        | 285/2105 [01:09<07:04,  4.29it/s][A
Iteration:  14%|#3        | 286/2105 [01:09<07:02,  4.30it/s][A
Iteration:  14%|#3        | 287/2105 [01:09<07:01,  4.31it/s][A
Iteration:  14%|#3        | 288/2105 [01:09<07:00,  4.32it/s][A
Iteration:  14%|#3        | 289/2105 [01:10<07:00,  4.32it/s][A
Iteration:  14%|#3        | 290/2105 [01:10<07:03,  4.29it/s][A
Iteration:  14%|#3        | 291/2105 [01:10<07:02,  4.30it/s][A
Iteration:  14%|#3        | 292/2105 [01:10<07:00,  4.31it/s][A
Iteration:  14%|#3        | 293/2105 [01:10<07:00,  4.31it/s][A
Iteration:  14%|#3        | 294/2105 [01:11<07:04,  4.27it/s][A
Iteration:  14%|#4        | 295/2105 [01:11<07:02,  4.28it/s][A
Iteration:  14%|#4        | 296/2105 [01:11<07:00,  4.30it/s][A
Iteration:  14%|#4        | 297/2105 [01:11<07:00,  4.30it/s][A
Iteration:  14%|#4        | 298/2105 [01:12<07:00,  4.30it/s][A
Iteration:  14%|#4        | 299/2105 [01:12<06:59,  4.31it/s][A
Iteration:  14%|#4        | 300/2105 [01:12<06:58,  4.32it/s][A
Iteration:  14%|#4        | 301/2105 [01:12<07:01,  4.28it/s][A
Iteration:  14%|#4        | 302/2105 [01:13<07:00,  4.29it/s][A
Iteration:  14%|#4        | 303/2105 [01:13<07:01,  4.27it/s][A
Iteration:  14%|#4        | 304/2105 [01:13<06:59,  4.29it/s][A
Iteration:  14%|#4        | 305/2105 [01:13<06:58,  4.30it/s][A
Iteration:  15%|#4        | 306/2105 [01:13<07:07,  4.21it/s][A
Iteration:  15%|#4        | 307/2105 [01:14<07:03,  4.25it/s][A
Iteration:  15%|#4        | 308/2105 [01:14<07:00,  4.27it/s][A
Iteration:  15%|#4        | 309/2105 [01:14<07:02,  4.25it/s][A
Iteration:  15%|#4        | 310/2105 [01:14<07:05,  4.22it/s][A
Iteration:  15%|#4        | 311/2105 [01:15<07:05,  4.22it/s][A
Iteration:  15%|#4        | 312/2105 [01:15<07:02,  4.24it/s][A
Iteration:  15%|#4        | 313/2105 [01:15<07:06,  4.21it/s][A
Iteration:  15%|#4        | 314/2105 [01:15<07:09,  4.17it/s][A
Iteration:  15%|#4        | 315/2105 [01:16<07:06,  4.20it/s][A
Iteration:  15%|#5        | 316/2105 [01:16<07:02,  4.24it/s][A
Iteration:  15%|#5        | 317/2105 [01:16<07:00,  4.26it/s][A
Iteration:  15%|#5        | 318/2105 [01:16<07:02,  4.23it/s][A
Iteration:  15%|#5        | 319/2105 [01:17<06:59,  4.26it/s][A
Iteration:  15%|#5        | 320/2105 [01:17<06:57,  4.28it/s][A
Iteration:  15%|#5        | 321/2105 [01:17<06:55,  4.30it/s][A
Iteration:  15%|#5        | 322/2105 [01:17<06:53,  4.31it/s][A
Iteration:  15%|#5        | 323/2105 [01:17<06:59,  4.25it/s][A
Iteration:  15%|#5        | 324/2105 [01:18<06:56,  4.27it/s][A
Iteration:  15%|#5        | 325/2105 [01:18<06:54,  4.29it/s][A
Iteration:  15%|#5        | 326/2105 [01:18<06:52,  4.31it/s][A
Iteration:  16%|#5        | 327/2105 [01:18<06:51,  4.32it/s][A
Iteration:  16%|#5        | 328/2105 [01:19<06:50,  4.32it/s][A
Iteration:  16%|#5        | 329/2105 [01:19<06:54,  4.28it/s][A
Iteration:  16%|#5        | 330/2105 [01:19<06:52,  4.30it/s][A
Iteration:  16%|#5        | 331/2105 [01:19<06:51,  4.31it/s][A
Iteration:  16%|#5        | 332/2105 [01:20<06:50,  4.32it/s][A
Iteration:  16%|#5        | 333/2105 [01:20<06:49,  4.33it/s][A
Iteration:  16%|#5        | 334/2105 [01:20<06:48,  4.33it/s][A
Iteration:  16%|#5        | 335/2105 [01:20<06:54,  4.27it/s][A
Iteration:  16%|#5        | 336/2105 [01:20<06:51,  4.29it/s][A
Iteration:  16%|#6        | 337/2105 [01:21<06:50,  4.31it/s][A
Iteration:  16%|#6        | 338/2105 [01:21<06:49,  4.31it/s][A
Iteration:  16%|#6        | 339/2105 [01:21<06:48,  4.32it/s][A
Iteration:  16%|#6        | 340/2105 [01:21<06:47,  4.33it/s][A
Iteration:  16%|#6        | 341/2105 [01:22<06:53,  4.27it/s][A
Iteration:  16%|#6        | 342/2105 [01:22<06:51,  4.29it/s][A
Iteration:  16%|#6        | 343/2105 [01:22<06:49,  4.30it/s][A
Iteration:  16%|#6        | 344/2105 [01:22<06:49,  4.30it/s][A
Iteration:  16%|#6        | 345/2105 [01:23<06:47,  4.32it/s][A
Iteration:  16%|#6        | 346/2105 [01:23<06:46,  4.32it/s][A
Iteration:  16%|#6        | 347/2105 [01:23<06:46,  4.33it/s][A
Iteration:  17%|#6        | 348/2105 [01:23<06:45,  4.33it/s][A
Iteration:  17%|#6        | 349/2105 [01:24<06:44,  4.34it/s][A
Iteration:  17%|#6        | 350/2105 [01:24<06:44,  4.34it/s][A
Iteration:  17%|#6        | 351/2105 [01:24<06:44,  4.34it/s][A
Iteration:  17%|#6        | 352/2105 [01:24<06:44,  4.34it/s][A
Iteration:  17%|#6        | 353/2105 [01:24<06:43,  4.34it/s][A
Iteration:  17%|#6        | 354/2105 [01:25<06:43,  4.34it/s][A
Iteration:  17%|#6        | 355/2105 [01:25<06:42,  4.35it/s][A
Iteration:  17%|#6        | 356/2105 [01:25<06:42,  4.34it/s][A
Iteration:  17%|#6        | 357/2105 [01:25<06:42,  4.35it/s][A
Iteration:  17%|#7        | 358/2105 [01:26<06:47,  4.29it/s][A
Iteration:  17%|#7        | 359/2105 [01:26<06:45,  4.30it/s][A
Iteration:  17%|#7        | 360/2105 [01:26<06:44,  4.31it/s][A
Iteration:  17%|#7        | 361/2105 [01:26<06:45,  4.30it/s][A
Iteration:  17%|#7        | 362/2105 [01:27<06:43,  4.32it/s][A
Iteration:  17%|#7        | 363/2105 [01:27<06:42,  4.33it/s][A
Iteration:  17%|#7        | 364/2105 [01:27<06:46,  4.28it/s][A
Iteration:  17%|#7        | 365/2105 [01:27<06:44,  4.30it/s][A
Iteration:  17%|#7        | 366/2105 [01:27<06:43,  4.31it/s][A
Iteration:  17%|#7        | 367/2105 [01:28<06:42,  4.32it/s][A
Iteration:  17%|#7        | 368/2105 [01:28<06:41,  4.32it/s][A
Iteration:  18%|#7        | 369/2105 [01:28<06:41,  4.33it/s][A
Iteration:  18%|#7        | 370/2105 [01:28<06:46,  4.27it/s][A
Iteration:  18%|#7        | 371/2105 [01:29<06:45,  4.28it/s][A
Iteration:  18%|#7        | 372/2105 [01:29<06:43,  4.30it/s][A
Iteration:  18%|#7        | 373/2105 [01:29<06:41,  4.31it/s][A
Iteration:  18%|#7        | 374/2105 [01:29<06:40,  4.32it/s][A
Iteration:  18%|#7        | 375/2105 [01:30<06:44,  4.28it/s][A
Iteration:  18%|#7        | 376/2105 [01:30<06:47,  4.25it/s][A
Iteration:  18%|#7        | 377/2105 [01:30<06:44,  4.28it/s][A
Iteration:  18%|#7        | 378/2105 [01:30<06:42,  4.29it/s][A
Iteration:  18%|#8        | 379/2105 [01:30<06:40,  4.31it/s][A
Iteration:  18%|#8        | 380/2105 [01:31<06:38,  4.32it/s][A
Iteration:  18%|#8        | 381/2105 [01:31<06:46,  4.24it/s][A
Iteration:  18%|#8        | 382/2105 [01:31<06:44,  4.26it/s][A
Iteration:  18%|#8        | 383/2105 [01:31<06:41,  4.29it/s][A