05/19 06:38:07 PM The args: Namespace(data_dir='../data/', model_dir='models/tinybert', teacher_model='../dynabert/SST-2', student_model='../dynabert/SST-2', task_name='SST-2', output_dir='./outputs/', learning_rate=0.0001, num_train_epochs=50.0, batch_size=32.0, seed=42, aug_train=False, pred_distill=True, intermediate_distill=True, value_distill=True, context_distill=False, att_distill=False, query_distill=True, key_distill=True, save_fp_model=True, save_quantized_model=False, weight_bits=1, embedding_bits=1, input_bits=1, clip_val=2.5, do_eval=False, omega=1, ground_truth=False, use_ggm=True, ggm_ratio=1.0)
05/19 06:38:07 PM Writing example 0 of 67349
05/19 06:38:07 PM *** Example ***
05/19 06:38:07 PM guid: train-1
05/19 06:38:07 PM tokens: [CLS] hide new secret ##ions from the parental units [SEP]
05/19 06:38:07 PM input_ids: 101 5342 2047 3595 8496 2013 1996 18643 3197 102 0 0 0 0 0 0 0 0 0 0 0 0 0 0 0 0 0 0 0 0 0 0 0 0 0 0 0 0 0 0 0 0 0 0 0 0 0 0 0 0 0 0 0 0 0 0 0 0 0 0 0 0 0 0
05/19 06:38:07 PM input_mask: 1 1 1 1 1 1 1 1 1 1 0 0 0 0 0 0 0 0 0 0 0 0 0 0 0 0 0 0 0 0 0 0 0 0 0 0 0 0 0 0 0 0 0 0 0 0 0 0 0 0 0 0 0 0 0 0 0 0 0 0 0 0 0 0
05/19 06:38:07 PM segment_ids: 0 0 0 0 0 0 0 0 0 0 0 0 0 0 0 0 0 0 0 0 0 0 0 0 0 0 0 0 0 0 0 0 0 0 0 0 0 0 0 0 0 0 0 0 0 0 0 0 0 0 0 0 0 0 0 0 0 0 0 0 0 0 0 0
05/19 06:38:07 PM label: 0
05/19 06:38:07 PM label_id: 0
05/19 06:38:08 PM Writing example 10000 of 67349
05/19 06:38:09 PM Writing example 20000 of 67349
05/19 06:38:10 PM Writing example 30000 of 67349
05/19 06:38:11 PM Writing example 40000 of 67349
05/19 06:38:12 PM Writing example 50000 of 67349
05/19 06:38:12 PM Writing example 60000 of 67349
05/19 06:38:14 PM Writing example 0 of 872
05/19 06:38:14 PM *** Example ***
05/19 06:38:14 PM guid: dev-1
05/19 06:38:14 PM tokens: [CLS] it ' s a charming and often affecting journey . [SEP]
05/19 06:38:14 PM input_ids: 101 2009 1005 1055 1037 11951 1998 2411 12473 4990 1012 102 0 0 0 0 0 0 0 0 0 0 0 0 0 0 0 0 0 0 0 0 0 0 0 0 0 0 0 0 0 0 0 0 0 0 0 0 0 0 0 0 0 0 0 0 0 0 0 0 0 0 0 0
05/19 06:38:14 PM input_mask: 1 1 1 1 1 1 1 1 1 1 1 1 0 0 0 0 0 0 0 0 0 0 0 0 0 0 0 0 0 0 0 0 0 0 0 0 0 0 0 0 0 0 0 0 0 0 0 0 0 0 0 0 0 0 0 0 0 0 0 0 0 0 0 0
05/19 06:38:14 PM segment_ids: 0 0 0 0 0 0 0 0 0 0 0 0 0 0 0 0 0 0 0 0 0 0 0 0 0 0 0 0 0 0 0 0 0 0 0 0 0 0 0 0 0 0 0 0 0 0 0 0 0 0 0 0 0 0 0 0 0 0 0 0 0 0 0 0
05/19 06:38:14 PM label: 1
05/19 06:38:14 PM label_id: 1
05/19 06:38:14 PM Model config {
  "attention_probs_dropout_prob": 0.1,
  "finetuning_task": "sst-2",
  "hidden_act": "gelu",
  "hidden_dropout_prob": 0.1,
  "hidden_size": 768,
  "initializer_range": 0.02,
  "intermediate_size": 3072,
  "layer_norm_eps": 1e-12,
  "max_position_embeddings": 512,
  "num_attention_heads": 12,
  "num_hidden_layers": 12,
  "num_labels": 2,
  "output_attentions": true,
  "output_hidden_states": true,
  "output_intermediate": true,
  "output_past": true,
  "pruned_heads": {},
  "torchscript": false,
  "type_vocab_size": 2,
  "use_bfloat16": false,
  "vocab_size": 30522
}

05/19 06:38:15 PM Loading model ../dynabert/SST-2/pytorch_model.bin
./transformer/modeling.py:313: FutureWarning: You are using `torch.load` with `weights_only=False` (the current default value), which uses the default pickle module implicitly. It is possible to construct malicious pickle data which will execute arbitrary code during unpickling (See https://github.com/pytorch/pytorch/blob/main/SECURITY.md#untrusted-models for more details). In a future release, the default value for `weights_only` will be flipped to `True`. This limits the functions that could be executed during unpickling. Arbitrary objects will no longer be allowed to be loaded via this mode unless they are explicitly allowlisted by the user via `torch.serialization.add_safe_globals`. We recommend you start setting `weights_only=True` for any use case where you don't have full control of the loaded file. Please open an issue on GitHub for any issues related to this experimental feature.
  state_dict = torch.load(weights_path, map_location='cpu')
05/19 06:38:15 PM loading model...
05/19 06:38:15 PM done!
05/19 06:38:17 PM teacher_model performance = sst-2 fp32   acc:0.9323394495412844

05/19 06:38:17 PM loading configuration file ../dynabert/SST-2/config.json
05/19 06:38:17 PM Model config {
  "attention_probs_dropout_prob": 0.1,
  "clip_val": 2.5,
  "embedding_bits": 1,
  "finetuning_task": "sst-2",
  "ggm_ratio": 1.0,
  "hidden_act": "gelu",
  "hidden_dropout_prob": 0.1,
  "hidden_size": 768,
  "initializer_range": 0.02,
  "input_bits": 1,
  "intermediate_size": 3072,
  "layer_norm_eps": 1e-12,
  "max_position_embeddings": 512,
  "num_attention_heads": 12,
  "num_hidden_layers": 12,
  "num_labels": 2,
  "output_attentions": true,
  "output_hidden_states": true,
  "output_intermediate": true,
  "output_past": true,
  "pruned_heads": {},
  "quantize_act": true,
  "torchscript": false,
  "type_vocab_size": 2,
  "use_bfloat16": false,
  "use_ggm": true,
  "vocab_size": 30522,
  "weight_bits": 1
}

05/19 06:38:17 PM Model config {
  "attention_probs_dropout_prob": 0.1,
  "clip_val": 2.5,
  "embedding_bits": 1,
  "finetuning_task": "sst-2",
  "ggm_ratio": 1.0,
  "hidden_act": "gelu",
  "hidden_dropout_prob": 0.1,
  "hidden_size": 768,
  "initializer_range": 0.02,
  "input_bits": 1,
  "intermediate_size": 3072,
  "layer_norm_eps": 1e-12,
  "max_position_embeddings": 512,
  "num_attention_heads": 12,
  "num_hidden_layers": 12,
  "num_labels": 2,
  "output_attentions": true,
  "output_hidden_states": true,
  "output_intermediate": true,
  "output_past": true,
  "pruned_heads": {},
  "quantize_act": true,
  "torchscript": false,
  "type_vocab_size": 2,
  "use_bfloat16": false,
  "use_ggm": true,
  "vocab_size": 30522,
  "weight_bits": 1
}

Traceback (most recent call last):
  File "./quant_task_glue.py", line 777, in <module>
    main()
  File "./quant_task_glue.py", line 444, in main
    student_model = QuantBertForSequenceClassification.from_pretrained(
  File "./transformer/modeling_quant.py", line 397, in from_pretrained
    model = cls(config, *inputs, **kwargs)
  File "./transformer/modeling_quant.py", line 492, in __init__
    self.bert = BertModel(config)
  File "./transformer/modeling_quant.py", line 465, in __init__
    self.encoder = BertEncoder(config)
  File "./transformer/modeling_quant.py", line 304, in __init__
    [BertLayer(config) for _ in range(config.num_hidden_layers)])
  File "./transformer/modeling_quant.py", line 304, in <listcomp>
    [BertLayer(config) for _ in range(config.num_hidden_layers)])
  File "./transformer/modeling_quant.py", line 284, in __init__
    self.attention = BertAttention(config)
  File "./transformer/modeling_quant.py", line 201, in __init__
    self.self = BertSelfAttention(config)
  File "./transformer/modeling_quant.py", line 119, in __init__
    self.query = QuantizeLinear(config.hidden_size,
  File "./transformer/utils_quant.py", line 202, in __init__
    G_seed=random.randint(1,100), # Hardcoded
NameError: name 'random' is not defined
